Component: Arm Compiler for Embedded 6.19 Tool: armlink [5e73cb00]

==============================================================================

Section Cross References

    main.o(.text.main) refers to system_stm32f4xx.o(.text.SystemCoreClockUpdate) for SystemCoreClockUpdate
    main.o(.text.main) refers to stm32f4xx_hal.o(.text.HAL_Init) for HAL_Init
    main.o(.text.main) refers to stm32f4xx_hal_gpio.o(.text.HAL_GPIO_Init) for HAL_GPIO_Init
    main.o(.text.main) refers to lcd.o(.text.LCD_Init) for LCD_Init
    main.o(.text.main) refers to main.o(.rodata.str1.1) for .L.str
    main.o(.text.main) refers to lcd.o(.text.LCD_Puts) for LCD_Puts
    main.o(.text.main) refers to stm32f4xx_hal.o(.text.HAL_Delay) for HAL_Delay
    main.o(.text.main) refers to stm32f4xx_hal_gpio.o(.text.HAL_GPIO_WritePin) for HAL_GPIO_WritePin
    main.o(.text.main) refers to snprintf.o(.text) for snprintf
    main.o(.ARM.exidx.text.main) refers to main.o(.text.main) for [Anonymous Symbol]
    main.o(.text.SysTick_Handler) refers to stm32f4xx_hal.o(.text.HAL_IncTick) for HAL_IncTick
    main.o(.ARM.exidx.text.SysTick_Handler) refers to main.o(.text.SysTick_Handler) for [Anonymous Symbol]
    lcd.o(.text.LCD_Delay_us) refers to stm32f4xx_hal.o(.text.HAL_GetTick) for HAL_GetTick
    lcd.o(.ARM.exidx.text.LCD_Delay_us) refers to lcd.o(.text.LCD_Delay_us) for [Anonymous Symbol]
    lcd.o(.text.LCD_Delay_ms) refers to stm32f4xx_hal.o(.text.HAL_Delay) for HAL_Delay
    lcd.o(.ARM.exidx.text.LCD_Delay_ms) refers to lcd.o(.text.LCD_Delay_ms) for [Anonymous Symbol]
    lcd.o(.text.LCD_Init) refers to stm32f4xx_hal_gpio.o(.text.HAL_GPIO_Init) for HAL_GPIO_Init
    lcd.o(.text.LCD_Init) refers to stm32f4xx_hal.o(.text.HAL_GetTick) for HAL_GetTick
    lcd.o(.text.LCD_Init) refers to lcd.o(.text.LCD_Delay_ms) for LCD_Delay_ms
    lcd.o(.text.LCD_Init) refers to lcd.o(.bss.LCD_Opts) for LCD_Opts
    lcd.o(.text.LCD_Init) refers to lcd.o(.text.LCD_Cmd4bit) for LCD_Cmd4bit
    lcd.o(.text.LCD_Init) refers to lcd.o(.text.LCD_Cmd) for LCD_Cmd
    lcd.o(.text.LCD_Init) refers to lcd.o(.text.LCD_DisplayOn) for LCD_DisplayOn
    lcd.o(.text.LCD_Init) refers to lcd.o(.text.LCD_Clear) for LCD_Clear
    lcd.o(.ARM.exidx.text.LCD_Init) refers to lcd.o(.text.LCD_Init) for [Anonymous Symbol]
    lcd.o(.text.LCD_Cmd4bit) refers to stm32f4xx_hal_gpio.o(.text.HAL_GPIO_WritePin) for HAL_GPIO_WritePin
    lcd.o(.text.LCD_Cmd4bit) refers to lcd.o(.text.LCD_Delay_us) for LCD_Delay_us
    lcd.o(.ARM.exidx.text.LCD_Cmd4bit) refers to lcd.o(.text.LCD_Cmd4bit) for [Anonymous Symbol]
    lcd.o(.text.LCD_Cmd) refers to stm32f4xx_hal_gpio.o(.text.HAL_GPIO_WritePin) for HAL_GPIO_WritePin
    lcd.o(.text.LCD_Cmd) refers to lcd.o(.text.LCD_Cmd4bit) for LCD_Cmd4bit
    lcd.o(.ARM.exidx.text.LCD_Cmd) refers to lcd.o(.text.LCD_Cmd) for [Anonymous Symbol]
    lcd.o(.text.LCD_DisplayOn) refers to lcd.o(.bss.LCD_Opts) for LCD_Opts
    lcd.o(.text.LCD_DisplayOn) refers to lcd.o(.text.LCD_Cmd) for LCD_Cmd
    lcd.o(.ARM.exidx.text.LCD_DisplayOn) refers to lcd.o(.text.LCD_DisplayOn) for [Anonymous Symbol]
    lcd.o(.text.LCD_Clear) refers to lcd.o(.text.LCD_Cmd) for LCD_Cmd
    lcd.o(.text.LCD_Clear) refers to lcd.o(.text.LCD_Delay_ms) for LCD_Delay_ms
    lcd.o(.ARM.exidx.text.LCD_Clear) refers to lcd.o(.text.LCD_Clear) for [Anonymous Symbol]
    lcd.o(.text.LCD_Puts) refers to lcd.o(.text.LCD_CursorSet) for LCD_CursorSet
    lcd.o(.text.LCD_Puts) refers to lcd.o(.bss.LCD_Opts) for LCD_Opts
    lcd.o(.text.LCD_Puts) refers to lcd.o(.text.LCD_Data) for LCD_Data
    lcd.o(.ARM.exidx.text.LCD_Puts) refers to lcd.o(.text.LCD_Puts) for [Anonymous Symbol]
    lcd.o(.text.LCD_CursorSet) refers to lcd.o(.bss.LCD_Opts) for LCD_Opts
    lcd.o(.text.LCD_CursorSet) refers to lcd.o(.text.LCD_Cmd) for LCD_Cmd
    lcd.o(.ARM.exidx.text.LCD_CursorSet) refers to lcd.o(.text.LCD_CursorSet) for [Anonymous Symbol]
    lcd.o(.text.LCD_Data) refers to stm32f4xx_hal_gpio.o(.text.HAL_GPIO_WritePin) for HAL_GPIO_WritePin
    lcd.o(.text.LCD_Data) refers to lcd.o(.text.LCD_Cmd4bit) for LCD_Cmd4bit
    lcd.o(.ARM.exidx.text.LCD_Data) refers to lcd.o(.text.LCD_Data) for [Anonymous Symbol]
    lcd.o(.text.LCD_DisplayOff) refers to lcd.o(.bss.LCD_Opts) for LCD_Opts
    lcd.o(.text.LCD_DisplayOff) refers to lcd.o(.text.LCD_Cmd) for LCD_Cmd
    lcd.o(.ARM.exidx.text.LCD_DisplayOff) refers to lcd.o(.text.LCD_DisplayOff) for [Anonymous Symbol]
    lcd.o(.text.LCD_BlinkOn) refers to lcd.o(.bss.LCD_Opts) for LCD_Opts
    lcd.o(.text.LCD_BlinkOn) refers to lcd.o(.text.LCD_Cmd) for LCD_Cmd
    lcd.o(.ARM.exidx.text.LCD_BlinkOn) refers to lcd.o(.text.LCD_BlinkOn) for [Anonymous Symbol]
    lcd.o(.text.LCD_BlinkOff) refers to lcd.o(.bss.LCD_Opts) for LCD_Opts
    lcd.o(.text.LCD_BlinkOff) refers to lcd.o(.text.LCD_Cmd) for LCD_Cmd
    lcd.o(.ARM.exidx.text.LCD_BlinkOff) refers to lcd.o(.text.LCD_BlinkOff) for [Anonymous Symbol]
[...]
    ../clib/locale.c                         0x00000000   Number         0  _c16rtomb.o ABSOLUTE
    ../clib/locale.s                         0x00000000   Number         0  lc_numeric_c.o ABSOLUTE
    ../clib/locale.s                         0x00000000   Number         0  lc_ctype_c.o ABSOLUTE
    ../clib/longlong.s                       0x00000000   Number         0  lludivv7m.o ABSOLUTE
    ../clib/longlong.s                       0x00000000   Number         0  lludiv10.o ABSOLUTE
    ../clib/longlong.s                       0x00000000   Number         0  llushr.o ABSOLUTE
    ../clib/memcpset.s                       0x00000000   Number         0  strcmpv7em.o ABSOLUTE
    ../clib/misc.s                           0x00000000   Number         0  printf_stubs.o ABSOLUTE
    ../clib/printf.c                         0x00000000   Number         0  snprintf.o ABSOLUTE
    ../clib/printf.c                         0x00000000   Number         0  __printf.o ABSOLUTE
    ../clib/printf.c                         0x00000000   Number         0  _printf_pad.o ABSOLUTE
    ../clib/printf.c                         0x00000000   Number         0  _printf_truncate.o ABSOLUTE
    ../clib/printf.c                         0x00000000   Number         0  _printf_str.o ABSOLUTE
    ../clib/printf.c                         0x00000000   Number         0  _printf_dec.o ABSOLUTE
    ../clib/printf.c                         0x00000000   Number         0  _printf_charcount.o ABSOLUTE
    ../clib/printf.c                         0x00000000   Number         0  _printf_char_common.o ABSOLUTE
    ../clib/printf.c                         0x00000000   Number         0  _snputc.o ABSOLUTE
    ../clib/printf.c                         0x00000000   Number         0  _printf_wctomb.o ABSOLUTE
    ../clib/printf.c                         0x00000000   Number         0  _printf_longlong_dec.o ABSOLUTE
    ../clib/printf.c                         0x00000000   Number         0  _printf_oct_ll.o ABSOLUTE
    ../clib/printf.c                         0x00000000   Number         0  _printf_oct_int.o ABSOLUTE
    ../clib/printf.c                         0x00000000   Number         0  _printf_oct_int_ll.o ABSOLUTE
    ../clib/printf.c                         0x00000000   Number         0  _printf_hex_ll.o ABSOLUTE
    ../clib/printf.c                         0x00000000   Number         0  _printf_hex_int.o ABSOLUTE
    ../clib/printf.c                         0x00000000   Number         0  _printf_hex_int_ll.o ABSOLUTE
    ../clib/printf.c                         0x00000000   Number         0  _printf_hex_ptr.o ABSOLUTE
    ../clib/printf.c                         0x00000000   Number         0  _printf_hex_int_ptr.o ABSOLUTE
    ../clib/printf.c                         0x00000000   Number         0  _printf_hex_ll_ptr.o ABSOLUTE
    ../clib/printf.c                         0x00000000   Number         0  _printf_hex_int_ll_ptr.o ABSOLUTE
    ../clib/printf.c                         0x00000000   Number         0  __printf_flags.o ABSOLUTE
    ../clib/printf.c                         0x00000000   Number         0  __printf_ss.o ABSOLUTE
    ../clib/printf.c                         0x00000000   Number         0  __printf_flags_ss.o ABSOLUTE
    ../clib/printf.c                         0x00000000   Number         0  __printf_wp.o ABSOLUTE
    ../clib/printf.c                         0x00000000   Number         0  __printf_flags_wp.o ABSOLUTE
    ../clib/printf.c                         0x00000000   Number         0  __printf_ss_wp.o ABSOLUTE
    ../clib/printf.c                         0x00000000   Number         0  __printf_flags_ss_wp.o ABSOLUTE
    ../clib/printf.c                         0x00000000   Number         0  _printf_intcommon.o ABSOLUTE
    ../clib/printf.c                         0x00000000   Number         0  _printf_fp_dec.o ABSOLUTE
    ../clib/printf.c                         0x00000000   Number         0  _printf_fp_dec_accurate.o ABSOLUTE
    ../clib/printf.c                         0x00000000   Number         0  _printf_fp_hex.o ABSOLUTE
    ../clib/printf.c                         0x00000000   Number         0  __printf_nopercent.o ABSOLUTE
    ../clib/printf.c                         0x00000000   Number         0  _printf_char.o ABSOLUTE
    ../clib/printf.c                         0x00000000   Number         0  _printf_wchar.o ABSOLUTE
    ../clib/printf.c                         0x00000000   Number         0  _printf_fp_infnan.o ABSOLUTE
    ../clib/printf_percent.s                 0x00000000   Number         0  _printf_c.o ABSOLUTE
    ../clib/printf_percent.s                 0x00000000   Number         0  _printf_s.o ABSOLUTE
    ../clib/printf_percent.s                 0x00000000   Number         0  _printf_n.o ABSOLUTE
    ../clib/printf_percent.s                 0x00000000   Number         0  _printf_x.o ABSOLUTE
    ../clib/printf_percent.s                 0x00000000   Number         0  _printf_p.o ABSOLUTE
    ../clib/printf_percent.s                 0x00000000   Number         0  _printf_o.o ABSOLUTE
    ../clib/printf_percent.s                 0x00000000   Number         0  _printf_i.o ABSOLUTE
    ../clib/printf_percent.s                 0x00000000   Number         0  _printf_d.o ABSOLUTE
    ../clib/printf_percent.s                 0x00000000   Number         0  _printf_u.o ABSOLUTE
    ../clib/printf_percent.s                 0x00000000   Number         0  _printf_f.o ABSOLUTE
    ../clib/printf_percent.s                 0x00000000   Number         0  _printf_e.o ABSOLUTE
    ../clib/printf_percent.s                 0x00000000   Number         0  _printf_g.o ABSOLUTE
    ../clib/printf_percent.s                 0x00000000   Number         0  _printf_a.o ABSOLUTE
    ../clib/printf_percent.s                 0x00000000   Number         0  _printf_percent.o ABSOLUTE
    ../clib/printf_percent.s                 0x00000000   Number         0  _printf_lli.o ABSOLUTE
    ../clib/printf_percent.s                 0x00000000   Number         0  _printf_lld.o ABSOLUTE
    ../clib/printf_percent.s                 0x00000000   Number         0  _printf_llu.o ABSOLUTE
    ../clib/printf_percent.s                 0x00000000   Number         0  _printf_ll.o ABSOLUTE
    ../clib/printf_percent.s                 0x00000000   Number         0  _printf_l.o ABSOLUTE
    ../clib/printf_percent.s                 0x00000000   Number         0  _printf_lc.o ABSOLUTE
    ../clib/printf_percent.s                 0x00000000   Number         0  _printf_ls.o ABSOLUTE
    ../clib/printf_percent.s                 0x00000000   Number         0  _printf_llo.o ABSOLUTE
    ../clib/printf_percent.s                 0x00000000   Number         0  _printf_llx.o ABSOLUTE
    ../clib/printf_percent.s                 0x00000000   Number         0  _printf_percent_end.o ABSOLUTE
    ../clib/signal.c                         0x00000000   Number         0  defsig_fpe_outer.o ABSOLUTE
    ../clib/signal.c                         0x00000000   Number         0  defsig_fpe_formal.o ABSOLUTE
    ../clib/signal.c                         0x00000000   Number         0  defsig_exit.o ABSOLUTE
    ../clib/signal.c                         0x00000000   Number         0  defsig_fpe_inner.o ABSOLUTE
    ../clib/signal.c                         0x00000000   Number         0  __raise.o ABSOLUTE
    ../clib/signal.c                         0x00000000   Number         0  defsig_general.o ABSOLUTE
    ../clib/signal.c                         0x00000000   Number         0  defsig_abrt_inner.o ABSOLUTE
    ../clib/signal.c                         0x00000000   Number         0  defsig_rtred_inner.o ABSOLUTE
    ../clib/signal.c                         0x00000000   Number         0  defsig_rtmem_inner.o ABSOLUTE
    ../clib/signal.c                         0x00000000   Number         0  defsig_rtmem_outer.o ABSOLUTE
    ../clib/signal.c                         0x00000000   Number         0  defsig_rtmem_formal.o ABSOLUTE
    ../clib/signal.c                         0x00000000   Number         0  defsig_stak_inner.o ABSOLUTE
    ../clib/signal.c                         0x00000000   Number         0  defsig_pvfn_inner.o ABSOLUTE
    ../clib/signal.c                         0x00000000   Number         0  defsig_cppl_inner.o ABSOLUTE
    ../clib/signal.c                         0x00000000   Number         0  defsig_segv_inner.o ABSOLUTE
    ../clib/signal.c                         0x00000000   Number         0  defsig_other.o ABSOLUTE
    ../clib/signal.s                         0x00000000   Number         0  defsig.o ABSOLUTE
    ../clib/stdlib.c                         0x00000000   Number         0  exit.o ABSOLUTE
    ../fplib/fpinit.s                        0x00000000   Number         0  fpinit.o ABSOLUTE
    ../fplib/istatus.s                       0x00000000   Number         0  istatus.o ABSOLUTE
    ../fplib/printf1.s                       0x00000000   Number         0  printf1.o ABSOLUTE
    ../fplib/printf2.s                       0x00000000   Number         0  printf2.o ABSOLUTE
    ../fplib/printf2a.s                      0x00000000   Number         0  printf2a.o ABSOLUTE
    ../fplib/printf2b.s                      0x00000000   Number         0  printf2b.o ABSOLUTE
    ../fplib/usenofp.s                       0x00000000   Number         0  usenofp.o ABSOLUTE
    ../mathlib/fpclassify.c                  0x00000000   Number         0  fpclassify.o ABSOLUTE
    LCD.c                                    0x00000000   Number         0  lcd.o ABSOLUTE
    RTE/Device/STM32F401RETx/startup_stm32f401xe.s 0x00000000   Number         0  startup_stm32f401xe.o ABSOLUTE
    dc.s                                     0x00000000   Number         0  dc.o ABSOLUTE
    main.c                                   0x00000000   Number         0  main.o ABSOLUTE
    stm32f4xx_hal.c                          0x00000000   Number         0  stm32f4xx_hal.o ABSOLUTE
    stm32f4xx_hal_cortex.c                   0x00000000   Number         0  stm32f4xx_hal_cortex.o ABSOLUTE
    stm32f4xx_hal_gpio.c                     0x00000000   Number         0  stm32f4xx_hal_gpio.o ABSOLUTE
    stm32f4xx_hal_pwr.c                      0x00000000   Number         0  stm32f4xx_hal_pwr.o ABSOLUTE
    stm32f4xx_hal_pwr_ex.c                   0x00000000   Number         0  stm32f4xx_hal_pwr_ex.o ABSOLUTE
    stm32f4xx_hal_rcc.c                      0x00000000   Number         0  stm32f4xx_hal_rcc.o ABSOLUTE
    stm32f4xx_hal_rcc_ex.c                   0x00000000   Number         0  stm32f4xx_hal_rcc_ex.o ABSOLUTE
    system_stm32f4xx.c                       0x00000000   Number         0  system_stm32f4xx.o ABSOLUTE
    RESET                                    0x08000000   Section      404  startup_stm32f401xe.o(RESET)
    !!!main                                  0x08000194   Section        8  __main.o(!!!main)
    !!!scatter                               0x0800019c   Section       52  __scatter.o(!!!scatter)
    !!handler_copy                           0x080001d0   Section       26  __scatter_copy.o(!!handler_copy)
    !!handler_zi                             0x080001ec   Section       28  __scatter_zi.o(!!handler_zi)
    .ARM.Collect$$_printf_percent$$00000000  0x08000208   Section        0  _printf_percent.o(.ARM.Collect$$_printf_percent$$00000000)
    .ARM.Collect$$_printf_percent$$00000001  0x08000208   Section        6  _printf_n.o(.ARM.Collect$$_printf_percent$$00000001)
    .ARM.Collect$$_printf_percent$$00000002  0x0800020e   Section        6  _printf_p.o(.ARM.Collect$$_printf_percent$$00000002)
    .ARM.Collect$$_printf_percent$$00000003  0x08000214   Section        6  _printf_f.o(.ARM.Collect$$_printf_percent$$00000003)
    .ARM.Collect$$_printf_percent$$00000004  0x0800021a   Section        6  _printf_e.o(.ARM.Collect$$_printf_percent$$00000004)
    .ARM.Collect$$_printf_percent$$00000005  0x08000220   Section        6  _printf_g.o(.ARM.Collect$$_printf_percent$$00000005)
    .ARM.Collect$$_printf_percent$$00000006  0x08000226   Section        6  _printf_a.o(.ARM.Collect$$_printf_percent$$00000006)
    .ARM.Collect$$_printf_percent$$00000007  0x0800022c   Section       10  _printf_ll.o(.ARM.Collect$$_printf_percent$$00000007)
    .ARM.Collect$$_printf_percent$$00000008  0x08000236   Section        6  _printf_i.o(.ARM.Collect$$_printf_percent$$00000008)
    .ARM.Collect$$_printf_percent$$00000009  0x0800023c   Section        6  _printf_d.o(.ARM.Collect$$_printf_percent$$00000009)
    .ARM.Collect$$_printf_percent$$0000000A  0x08000242   Section        6  _printf_u.o(.ARM.Collect$$_printf_percent$$0000000A)
    .ARM.Collect$$_printf_percent$$0000000B  0x08000248   Section        6  _printf_o.o(.ARM.Collect$$_printf_percent$$0000000B)
    .ARM.Collect$$_printf_percent$$0000000C  0x0800024e   Section        6  _printf_x.o(.ARM.Collect$$_printf_percent$$0000000C)
    .ARM.Collect$$_printf_percent$$0000000D  0x08000254   Section        6  _printf_lli.o(.ARM.Collect$$_printf_percent$$0000000D)
    .ARM.Collect$$_printf_percent$$0000000E  0x0800025a   Section        6  _printf_lld.o(.ARM.Collect$$_printf_percent$$0000000E)
    .ARM.Collect$$_printf_percent$$0000000F  0x08000260   Section        6  _printf_llu.o(.ARM.Collect$$_printf_percent$$0000000F)
    .ARM.Collect$$_printf_percent$$00000010  0x08000266   Section        6  _printf_llo.o(.ARM.Collect$$_printf_percent$$00000010)
    .ARM.Collect$$_printf_percent$$00000011  0x0800026c   Section        6  _printf_llx.o(.ARM.Collect$$_printf_percent$$00000011)
    .ARM.Collect$$_printf_percent$$00000012  0x08000272   Section       10  _printf_l.o(.ARM.Collect$$_printf_percent$$00000012)
    .ARM.Collect$$_printf_percent$$00000013  0x0800027c   Section        6  _printf_c.o(.ARM.Collect$$_printf_percent$$00000013)
    .ARM.Collect$$_printf_percent$$00000014  0x08000282   Section        6  _printf_s.o(.ARM.Collect$$_printf_percent$$00000014)
    .ARM.Collect$$_printf_percent$$00000015  0x08000288   Section        6  _printf_lc.o(.ARM.Collect$$_printf_percent$$00000015)
    .ARM.Collect$$_printf_percent$$00000016  0x0800028e   Section        6  _printf_ls.o(.ARM.Collect$$_printf_percent$$00000016)
    .ARM.Collect$$_printf_percent$$00000017  0x08000294   Section        4  _printf_percent_end.o(.ARM.Collect$$_printf_percent$$00000017)
    .ARM.Collect$$libinit$$00000000          0x08000298   Section        2  libinit.o(.ARM.Collect$$libinit$$00000000)
    .ARM.Collect$$libinit$$00000001          0x0800029a   Section        4  libinit2.o(.ARM.Collect$$libinit$$00000001)
    .ARM.Collect$$libinit$$00000004          0x0800029e   Section        0  libinit2.o(.ARM.Collect$$libinit$$00000004)
    .ARM.Collect$$libinit$$00000006          0x0800029e   Section        0  libinit2.o(.ARM.Collect$$libinit$$00000006)
    .ARM.Collect$$libinit$$0000000C          0x0800029e   Section        0  libinit2.o(.ARM.Collect$$libinit$$0000000C)
    .ARM.Collect$$libinit$$0000000E          0x0800029e   Section        0  libinit2.o(.ARM.Collect$$libinit$$0000000E)
    .ARM.Collect$$libinit$$00000010          0x0800029e   Section        0  libinit2.o(.ARM.Collect$$libinit$$00000010)
    .ARM.Collect$$libinit$$00000011          0x0800029e   Section        6  libinit2.o(.ARM.Collect$$libinit$$00000011)
    .ARM.Collect$$libinit$$00000013          0x080002a4   Section        0  libinit2.o(.ARM.Collect$$libinit$$00000013)
    .ARM.Collect$$libinit$$00000014          0x080002a4   Section       12  libinit2.o(.ARM.Collect$$libinit$$00000014)
    .ARM.Collect$$libinit$$00000015          0x080002b0   Section        0  libinit2.o(.ARM.Collect$$libinit$$00000015)
    .ARM.Collect$$libinit$$00000017          0x080002b0   Section        0  libinit2.o(.ARM.Collect$$libinit$$00000017)
    .ARM.Collect$$libinit$$00000018          0x080002b0   Section       10  libinit2.o(.ARM.Collect$$libinit$$00000018)
    .ARM.Collect$$libinit$$00000019          0x080002ba   Section        0  libinit2.o(.ARM.Collect$$libinit$$00000019)
    .ARM.Collect$$libinit$$0000001B          0x080002ba   Section        0  libinit2.o(.ARM.Collect$$libinit$$0000001B)
    .ARM.Collect$$libinit$$0000001D          0x080002ba   Section        0  libinit2.o(.ARM.Collect$$libinit$$0000001D)
    .ARM.Collect$$libinit$$0000001F          0x080002ba   Section        0  libinit2.o(.ARM.Collect$$libinit$$0000001F)
    .ARM.Collect$$libinit$$00000021          0x080002ba   Section        0  libinit2.o(.ARM.Collect$$libinit$$00000021)
    .ARM.Collect$$libinit$$00000023          0x080002ba   Section        0  libinit2.o(.ARM.Collect$$libinit$$00000023)
    .ARM.Collect$$libinit$$00000025          0x080002ba   Section        0  libinit2.o(.ARM.Collect$$libinit$$00000025)
    .ARM.Collect$$libinit$$00000027          0x080002ba   Section        0  libinit2.o(.ARM.Collect$$libinit$$00000027)
    .ARM.Collect$$libinit$$0000002E          0x080002ba   Section        0  libinit2.o(.ARM.Collect$$libinit$$0000002E)
    .ARM.Collect$$libinit$$00000030          0x080002ba   Section        0  libinit2.o(.ARM.Collect$$libinit$$00000030)
    .ARM.Collect$$libinit$$00000032          0x080002ba   Section        0  libinit2.o(.ARM.Collect$$libinit$$00000032)
    .ARM.Collect$$libinit$$00000034          0x080002ba   Section        0  libinit2.o(.ARM.Collect$$libinit$$00000034)
    .ARM.Collect$$libinit$$00000035          0x080002ba   Section        2  libinit2.o(.ARM.Collect$$libinit$$00000035)
    .ARM.Collect$$libshutdown$$00000000      0x080002bc   Section        2  libshutdown.o(.ARM.Collect$$libshutdown$$00000000)
    .ARM.Collect$$libshutdown$$00000002      0x080002be   Section        0  libshutdown2.o(.ARM.Collect$$libshutdown$$00000002)
    .ARM.Collect$$libshutdown$$00000004      0x080002be   Section        0  libshutdown2.o(.ARM.Collect$$libshutdown$$00000004)
    .ARM.Collect$$libshutdown$$00000007      0x080002be   Section        0  libshutdown2.o(.ARM.Collect$$libshutdown$$00000007)
    .ARM.Collect$$libshutdown$$0000000A      0x080002be   Section        0  libshutdown2.o(.ARM.Collect$$libshutdown$$0000000A)
    .ARM.Collect$$libshutdown$$0000000C      0x080002be   Section        0  libshutdown2.o(.ARM.Collect$$libshutdown$$0000000C)
    .ARM.Collect$$libshutdown$$0000000F      0x080002be   Section        0  libshutdown2.o(.ARM.Collect$$libshutdown$$0000000F)
    .ARM.Collect$$libshutdown$$00000010      0x080002be   Section        2  libshutdown2.o(.ARM.Collect$$libshutdown$$00000010)
    .ARM.Collect$$rtentry$$00000000          0x080002c0   Section        0  __rtentry.o(.ARM.Collect$$rtentry$$00000000)
    .ARM.Collect$$rtentry$$00000002          0x080002c0   Section        0  __rtentry2.o(.ARM.Collect$$rtentry$$00000002)
    .ARM.Collect$$rtentry$$00000004          0x080002c0   Section        6  __rtentry4.o(.ARM.Collect$$rtentry$$00000004)
    .ARM.Collect$$rtentry$$00000009          0x080002c6   Section        0  __rtentry2.o(.ARM.Collect$$rtentry$$00000009)
    .ARM.Collect$$rtentry$$0000000A          0x080002c6   Section        4  __rtentry2.o(.ARM.Collect$$rtentry$$0000000A)
    .ARM.Collect$$rtentry$$0000000C          0x080002ca   Section        0  __rtentry2.o(.ARM.Collect$$rtentry$$0000000C)
    .ARM.Collect$$rtentry$$0000000D          0x080002ca   Section        8  __rtentry2.o(.ARM.Collect$$rtentry$$0000000D)
    .ARM.Collect$$rtexit$$00000000           0x080002d2   Section        2  rtexit.o(.ARM.Collect$$rtexit$$00000000)
    .ARM.Collect$$rtexit$$00000002           0x080002d4   Section        0  rtexit2.o(.ARM.Collect$$rtexit$$00000002)
    .ARM.Collect$$rtexit$$00000003           0x080002d4   Section        4  rtexit2.o(.ARM.Collect$$rtexit$$00000003)
    .ARM.Collect$$rtexit$$00000004           0x080002d8   Section        6  rtexit2.o(.ARM.Collect$$rtexit$$00000004)
    $v0                                      0x080002e0   Number         0  startup_stm32f401xe.o(.text)
    .text                                    0x080002e0   Section       64  startup_stm32f401xe.o(.text)
    .text                                    0x08000320   Section        0  snprintf.o(.text)
    .text                                    0x08000360   Section        0  heapauxi.o(.text)
    .text                                    0x08000366   Section        0  _printf_pad.o(.text)
    .text                                    0x080003b4   Section        0  _printf_truncate.o(.text)
    .text                                    0x080003d8   Section        0  _printf_str.o(.text)
    .text                                    0x0800042c   Section        0  _printf_dec.o(.text)
    .text                                    0x080004a4   Section        0  _printf_charcount.o(.text)
    _printf_input_char                       0x080004cd   Thumb Code    10  _printf_char_common.o(.text)
    .text                                    0x080004cc   Section        0  _printf_char_common.o(.text)
    .text                                    0x080004fc   Section        0  _snputc.o(.text)
    .text                                    0x0800050c   Section        0  _printf_wctomb.o(.text)
    .text                                    0x080005c8   Section        0  _printf_longlong_dec.o(.text)
    _printf_longlong_oct_internal            0x08000645   Thumb Code     0  _printf_oct_int_ll.o(.text)
    .text                                    0x08000644   Section        0  _printf_oct_int_ll.o(.text)
    _printf_hex_common                       0x080006b5   Thumb Code     0  _printf_hex_int_ll_ptr.o(.text)
    .text                                    0x080006b4   Section        0  _printf_hex_int_ll_ptr.o(.text)
    .text                                    0x08000748   Section        0  __printf_flags_ss_wp.o(.text)
    .text                                    0x080008d0   Section      138  lludiv10.o(.text)
    .text                                    0x0800095a   Section        0  _printf_intcommon.o(.text)
    _fp_digits                               0x08000a0d   Thumb Code   432  _printf_fp_dec.o(.text)
    .text                                    0x08000a0c   Section        0  _printf_fp_dec.o(.text)
    .text                                    0x08000e28   Section        0  _printf_fp_hex.o(.text)
    .text                                    0x08001124   Section        0  _printf_char.o(.text)
    .text                                    0x08001150   Section        0  _printf_wchar.o(.text)
    .text                                    0x0800117c   Section        0  _c16rtomb.o(.text)
    .text                                    0x080011c4   Section       74  sys_stackheap_outer.o(.text)
    .text                                    0x08001210   Section       16  rt_ctype_table.o(.text)
    .text                                    0x08001220   Section        8  rt_locale_intlibspace.o(.text)
    .text                                    0x08001228   Section        0  _printf_fp_infnan.o(.text)
    .text                                    0x080012a8   Section        0  bigflt0.o(.text)
    .text                                    0x0800138c   Section        0  exit.o(.text)
    .text                                    0x080013a0   Section        8  libspace.o(.text)
    .text                                    0x080013a8   Section      124  strcmpv7em.o(.text)
    .text                                    0x08001424   Section        0  sys_exit.o(.text)
    .text                                    0x08001430   Section        2  use_no_semi.o(.text)
    .text                                    0x08001432   Section        0  indicate_semi.o(.text)
    [Anonymous Symbol]                       0x08001434   Section        0  stm32f4xx_hal.o(.text.HAL_Delay)
    [Anonymous Symbol]                       0x08001478   Section        0  stm32f4xx_hal_gpio.o(.text.HAL_GPIO_Init)
    [Anonymous Symbol]                       0x080017dc   Section        0  stm32f4xx_hal_gpio.o(.text.HAL_GPIO_WritePin)
    [Anonymous Symbol]                       0x0800180c   Section        0  stm32f4xx_hal.o(.text.HAL_GetTick)
    [Anonymous Symbol]                       0x08001818   Section        0  stm32f4xx_hal.o(.text.HAL_IncTick)
    [Anonymous Symbol]                       0x08001834   Section        0  stm32f4xx_hal.o(.text.HAL_Init)
    [Anonymous Symbol]                       0x08001864   Section        0  stm32f4xx_hal.o(.text.HAL_InitTick)
    [Anonymous Symbol]                       0x080018d4   Section        0  stm32f4xx_hal.o(.text.HAL_MspInit)
    [Anonymous Symbol]                       0x080018d8   Section        0  stm32f4xx_hal_cortex.o(.text.HAL_NVIC_SetPriority)
    [Anonymous Symbol]                       0x0800190c   Section        0  stm32f4xx_hal_cortex.o(.text.HAL_NVIC_SetPriorityGrouping)
    [Anonymous Symbol]                       0x0800191c   Section        0  stm32f4xx_hal_cortex.o(.text.HAL_SYSTICK_Config)
    [Anonymous Symbol]                       0x0800192c   Section        0  lcd.o(.text.LCD_Clear)
    LCD_Cmd                                  0x0800193d   Thumb Code    50  lcd.o(.text.LCD_Cmd)
    [Anonymous Symbol]                       0x0800193c   Section        0  lcd.o(.text.LCD_Cmd)
    LCD_Cmd4bit                              0x08001971   Thumb Code   136  lcd.o(.text.LCD_Cmd4bit)
    [Anonymous Symbol]                       0x08001970   Section        0  lcd.o(.text.LCD_Cmd4bit)
    LCD_CursorSet                            0x080019f9   Thumb Code    88  lcd.o(.text.LCD_CursorSet)
    [Anonymous Symbol]                       0x080019f8   Section        0  lcd.o(.text.LCD_CursorSet)
    LCD_Data                                 0x08001a51   Thumb Code    50  lcd.o(.text.LCD_Data)
    [Anonymous Symbol]                       0x08001a50   Section        0  lcd.o(.text.LCD_Data)
    [Anonymous Symbol]                       0x08001a84   Section        0  lcd.o(.text.LCD_Delay_ms)
    [Anonymous Symbol]                       0x08001a98   Section        0  lcd.o(.text.LCD_Delay_us)
    [Anonymous Symbol]                       0x08001b14   Section        0  lcd.o(.text.LCD_DisplayOn)
    [Anonymous Symbol]                       0x08001b34   Section        0  lcd.o(.text.LCD_Init)
    [Anonymous Symbol]                       0x08001c4c   Section        0  lcd.o(.text.LCD_Puts)
    NVIC_EncodePriority                      0x08001d05   Thumb Code   108  stm32f4xx_hal_cortex.o(.text.NVIC_EncodePriority)
    [Anonymous Symbol]                       0x08001d04   Section        0  stm32f4xx_hal_cortex.o(.text.NVIC_EncodePriority)
    SysTick_Config                           0x08001d71   Thumb Code    82  stm32f4xx_hal_cortex.o(.text.SysTick_Config)
    [Anonymous Symbol]                       0x08001d70   Section        0  stm32f4xx_hal_cortex.o(.text.SysTick_Config)
    [Anonymous Symbol]                       0x08001dc4   Section        0  main.o(.text.SysTick_Handler)
    [Anonymous Symbol]                       0x08001dcc   Section        0  system_stm32f4xx.o(.text.SystemCoreClockUpdate)
    [Anonymous Symbol]                       0x08001efc   Section        0  system_stm32f4xx.o(.text.SystemInit)
    __NVIC_GetPriorityGrouping               0x08001f11   Thumb Code    16  stm32f4xx_hal_cortex.o(.text.__NVIC_GetPriorityGrouping)
    [Anonymous Symbol]                       0x08001f10   Section        0  stm32f4xx_hal_cortex.o(.text.__NVIC_GetPriorityGrouping)
    __NVIC_SetPriority                       0x08001f21   Thumb Code    66  stm32f4xx_hal_cortex.o(.text.__NVIC_SetPriority)
    [Anonymous Symbol]                       0x08001f20   Section        0  stm32f4xx_hal_cortex.o(.text.__NVIC_SetPriority)
    __NVIC_SetPriorityGrouping               0x08001f65   Thumb Code    60  stm32f4xx_hal_cortex.o(.text.__NVIC_SetPriorityGrouping)
    [Anonymous Symbol]                       0x08001f64   Section        0  stm32f4xx_hal_cortex.o(.text.__NVIC_SetPriorityGrouping)
    [Anonymous Symbol]                       0x08001fa0   Section        0  main.o(.text.main)
    CL$$btod_d2e                             0x080020d4   Section       62  btod.o(CL$$btod_d2e)
    CL$$btod_d2e_denorm_low                  0x08002112   Section       70  btod.o(CL$$btod_d2e_denorm_low)
    CL$$btod_d2e_norm_op1                    0x08002158   Section       96  btod.o(CL$$btod_d2e_norm_op1)
    CL$$btod_div_common                      0x080021b8   Section      824  btod.o(CL$$btod_div_common)
    CL$$btod_e2e                             0x080024f0   Section      220  btod.o(CL$$btod_e2e)
    CL$$btod_ediv                            0x080025cc   Section       42  btod.o(CL$$btod_ediv)
    CL$$btod_emul                            0x080025f6   Section       42  btod.o(CL$$btod_emul)
    CL$$btod_mult_common                     0x08002620   Section      580  btod.o(CL$$btod_mult_common)
    i.__ARM_fpclassify                       0x08002864   Section        0  fpclassify.o(i.__ARM_fpclassify)
    i._is_digit                              0x08002894   Section        0  __printf_wp.o(i._is_digit)
    locale$$code                             0x080028a4   Section       44  lc_numeric_c.o(locale$$code)
    locale$$code                             0x080028d0   Section       44  lc_ctype_c.o(locale$$code)
    $v0                                      0x080028fc   Number         0  fpinit.o(x$fpl$fpinit)
    x$fpl$fpinit                             0x080028fc   Section       26  fpinit.o(x$fpl$fpinit)
    $v0                                      0x08002916   Number         0  printf1.o(x$fpl$printf1)
    x$fpl$printf1                            0x08002916   Section        4  printf1.o(x$fpl$printf1)
    $v0                                      0x0800291a   Number         0  printf2.o(x$fpl$printf2)
    x$fpl$printf2                            0x0800291a   Section        4  printf2.o(x$fpl$printf2)
    x$fpl$usenofp                            0x0800291e   Section        0  usenofp.o(x$fpl$usenofp)
    initial_mbstate                          0x08002920   Data           8  _printf_wctomb.o(.constdata)
    .constdata                               0x08002920   Section        8  _printf_wctomb.o(.constdata)
    uc_hextab                                0x08002928   Data          20  _printf_hex_int_ll_ptr.o(.constdata)
    .constdata                               0x08002928   Section       40  _printf_hex_int_ll_ptr.o(.constdata)
    lc_hextab                                0x0800293c   Data          20  _printf_hex_int_ll_ptr.o(.constdata)
    maptable                                 0x08002950   Data          17  __printf_flags_ss_wp.o(.constdata)
    .constdata                               0x08002950   Section       17  __printf_flags_ss_wp.o(.constdata)
    lc_hextab                                0x08002961   Data          19  _printf_fp_hex.o(.constdata)
    .constdata                               0x08002961   Section       38  _printf_fp_hex.o(.constdata)
    uc_hextab                                0x08002974   Data          19  _printf_fp_hex.o(.constdata)
    tenpwrs_x                                0x08002988   Data          60  bigflt0.o(.constdata)
    .constdata                               0x08002988   Section      148  bigflt0.o(.constdata)
    tenpwrs_i                                0x080029c4   Data          64  bigflt0.o(.constdata)
    .L.str                                   0x08002a2c   Data          17  main.o(.rodata.str1.1)
    [Anonymous Symbol]                       0x08002a2c   Section        0  main.o(.rodata.str1.1)
    .L.str.1                                 0x08002a3d   Data           3  main.o(.rodata.str1.1)
    locale$$data                             0x08002a60   Section       28  lc_numeric_c.o(locale$$data)
    __lcnum_c_name                           0x08002a64   Data           2  lc_numeric_c.o(locale$$data)
    __lcnum_c_start                          0x08002a6c   Data           0  lc_numeric_c.o(locale$$data)
    __lcnum_c_point                          0x08002a78   Data           0  lc_numeric_c.o(locale$$data)
    __lcnum_c_thousands                      0x08002a7a   Data           0  lc_numeric_c.o(locale$$data)
    __lcnum_c_grouping                       0x08002a7b   Data           0  lc_numeric_c.o(locale$$data)
    __lcnum_c_end                            0x08002a7c   Data           0  lc_numeric_c.o(locale$$data)
    locale$$data                             0x08002a7c   Section      272  lc_ctype_c.o(locale$$data)
    __lcctype_c_name                         0x08002a80   Data           2  lc_ctype_c.o(locale$$data)
    __lcctype_c_start                        0x08002a88   Data           0  lc_ctype_c.o(locale$$data)
    __lcctype_c_end                          0x08002b8c   Data           0  lc_ctype_c.o(locale$$data)
    .bss                                     0x20000010   Section       96  libspace.o(.bss)
    LCD_Opts                                 0x20000070   Data           5  lcd.o(.bss.LCD_Opts)
    [Anonymous Symbol]                       0x20000070   Section        0  lcd.o(.bss.LCD_Opts)
    Heap_Mem                                 0x20000080   Data         512  startup_stm32f401xe.o(HEAP)
    HEAP                                     0x20000080   Section      512  startup_stm32f401xe.o(HEAP)
    Stack_Mem                                0x20000280   Data        1024  startup_stm32f401xe.o(STACK)
    STACK                                    0x20000280   Section     1024  startup_stm32f401xe.o(STACK)
    __initial_sp                             0x20000680   Data           0  startup_stm32f401xe.o(STACK)

    Global Symbols

    Symbol Name                              Value     Ov Type        Size  Object(Section)

    BuildAttributes$$THM_ISAv4$E$P$D$K$B$S$7EM$VFPi3$EXTD16$VFPS$VFMA$PE$A:L22UL41UL21$X:L11$S22US41US21$IEEE1$IW$~IW$USESV6$~STKCKD$USESV7$~SHL$OTIME$ROPI$IEEEJ$EBA8$UX$STANDARDLIB$REQ8$PRES8$EABIv2 0x00000000   Number         0  anon$$obj.o ABSOLUTE
    _printf_flags                            0x00000000   Number         0  printf_stubs.o ABSOLUTE
    _printf_return_value                     0x00000000   Number         0  printf_stubs.o ABSOLUTE
    _printf_sizespec                         0x00000000   Number         0  printf_stubs.o ABSOLUTE
    _printf_widthprec                        0x00000000   Number         0  printf_stubs.o ABSOLUTE
    __ARM_exceptions_init                     - Undefined Weak Reference
    __alloca_initialize                       - Undefined Weak Reference
    __arm_preinit_                            - Undefined Weak Reference
    __arm_relocate_pie_                       - Undefined Weak Reference
    __cpp_initialize__aeabi_                  - Undefined Weak Reference
    __cxa_finalize                            - Undefined Weak Reference
    __sigvec_lookup                           - Undefined Weak Reference
    _atexit_init                              - Undefined Weak Reference
    _call_atexit_fns                          - Undefined Weak Reference
    _clock_init                               - Undefined Weak Reference
    _fp_trap_init                             - Undefined Weak Reference
    _fp_trap_shutdown                         - Undefined Weak Reference
    _get_lc_collate                           - Undefined Weak Reference
    _get_lc_monetary                          - Undefined Weak Reference
    _get_lc_time                              - Undefined Weak Reference
    _getenv_init                              - Undefined Weak Reference
    _handle_redirection                       - Undefined Weak Reference
    _init_alloc                               - Undefined Weak Reference
    _init_user_alloc                          - Undefined Weak Reference
    _initio                                   - Undefined Weak Reference
    _printf_mbtowc                            - Undefined Weak Reference
    _printf_wc                                - Undefined Weak Reference
    _rand_init                                - Undefined Weak Reference
    _signal_finish                            - Undefined Weak Reference
    _signal_init                              - Undefined Weak Reference
    _terminate_alloc                          - Undefined Weak Reference
    _terminate_user_alloc                     - Undefined Weak Reference
    _terminateio                              - Undefined Weak Reference
    __Vectors_Size                           0x00000194   Number         0  startup_stm32f401xe.o ABSOLUTE
    __Vectors                                0x08000000   Data           4  startup_stm32f401xe.o(RESET)
    __Vectors_End                            0x08000194   Data           0  startup_stm32f401xe.o(RESET)
    __main                                   0x08000195   Thumb Code     8  __main.o(!!!main)
    __scatterload                            0x0800019d   Thumb Code     0  __scatter.o(!!!scatter)
    __scatterload_rt2                        0x0800019d   Thumb Code    44  __scatter.o(!!!scatter)
    __scatterload_rt2_thumb_only             0x0800019d   Thumb Code     0  __scatter.o(!!!scatter)
    __scatterload_null                       0x080001ab   Thumb Code     0  __scatter.o(!!!scatter)
    __scatterload_copy                       0x080001d1   Thumb Code    26  __scatter_copy.o(!!handler_copy)
    __scatterload_zeroinit                   0x080001ed   Thumb Code    28  __scatter_zi.o(!!handler_zi)
    _printf_n                                0x08000209   Thumb Code     0  _printf_n.o(.ARM.Collect$$_printf_percent$$00000001)
    _printf_percent                          0x08000209   Thumb Code     0  _printf_percent.o(.ARM.Collect$$_printf_percent$$00000000)
    _printf_p                                0x0800020f   Thumb Code     0  _printf_p.o(.ARM.Collect$$_printf_percent$$00000002)
    _printf_f                                0x08000215   Thumb Code     0  _printf_f.o(.ARM.Collect$$_printf_percent$$00000003)
    _printf_e                                0x0800021b   Thumb Code     0  _printf_e.o(.ARM.Collect$$_printf_percent$$00000004)
    _printf_g                                0x08000221   Thumb Code     0  _printf_g.o(.ARM.Collect$$_printf_percent$$00000005)
    _printf_a                                0x08000227   Thumb Code     0  _printf_a.o(.ARM.Collect$$_printf_percent$$00000006)
    _printf_ll                               0x0800022d   Thumb Code     0  _printf_ll.o(.ARM.Collect$$_printf_percent$$00000007)
    _printf_i                                0x08000237   Thumb Code     0  _printf_i.o(.ARM.Collect$$_printf_percent$$00000008)
    _printf_d                                0x0800023d   Thumb Code     0  _printf_d.o(.ARM.Collect$$_printf_percent$$00000009)
    _printf_u                                0x08000243   Thumb Code     0  _printf_u.o(.ARM.Collect$$_printf_percent$$0000000A)
    _printf_o                                0x08000249   Thumb Code     0  _printf_o.o(.ARM.Collect$$_printf_percent$$0000000B)
    _printf_x                                0x0800024f   Thumb Code     0  _printf_x.o(.ARM.Collect$$_printf_percent$$0000000C)
    _printf_lli                              0x08000255   Thumb Code     0  _printf_lli.o(.ARM.Collect$$_printf_percent$$0000000D)
    _printf_lld                              0x0800025b   Thumb Code     0  _printf_lld.o(.ARM.Collect$$_printf_percent$$0000000E)
    _printf_llu                              0x08000261   Thumb Code     0  _printf_llu.o(.ARM.Collect$$_printf_percent$$0000000F)
    _printf_llo                              0x08000267   Thumb Code     0  _printf_llo.o(.ARM.Collect$$_printf_percent$$00000010)
    _printf_llx                              0x0800026d   Thumb Code     0  _printf_llx.o(.ARM.Collect$$_printf_percent$$00000011)
    _printf_l                                0x08000273   Thumb Code     0  _printf_l.o(.ARM.Collect$$_printf_percent$$00000012)
    _printf_c                                0x0800027d   Thumb Code     0  _printf_c.o(.ARM.Collect$$_printf_percent$$00000013)
    _printf_s                                0x08000283   Thumb Code     0  _printf_s.o(.ARM.Collect$$_printf_percent$$00000014)
    _printf_lc                               0x08000289   Thumb Code     0  _printf_lc.o(.ARM.Collect$$_printf_percent$$00000015)
    _printf_ls                               0x0800028f   Thumb Code     0  _printf_ls.o(.ARM.Collect$$_printf_percent$$00000016)
    _printf_percent_end                      0x08000295   Thumb Code     0  _printf_percent_end.o(.ARM.Collect$$_printf_percent$$00000017)
    __rt_lib_init                            0x08000299   Thumb Code     0  libinit.o(.ARM.Collect$$libinit$$00000000)
    __rt_lib_init_fp_1                       0x0800029b   Thumb Code     0  libinit2.o(.ARM.Collect$$libinit$$00000001)
    __rt_lib_init_heap_1                     0x0800029f   Thumb Code     0  libinit2.o(.ARM.Collect$$libinit$$0000000C)
    __rt_lib_init_lc_common                  0x0800029f   Thumb Code     0  libinit2.o(.ARM.Collect$$libinit$$00000011)
    __rt_lib_init_preinit_1                  0x0800029f   Thumb Code     0  libinit2.o(.ARM.Collect$$libinit$$00000006)
    __rt_lib_init_rand_1                     0x0800029f   Thumb Code     0  libinit2.o(.ARM.Collect$$libinit$$00000010)
    __rt_lib_init_relocate_pie_1             0x0800029f   Thumb Code     0  libinit2.o(.ARM.Collect$$libinit$$00000004)
    __rt_lib_init_user_alloc_1               0x0800029f   Thumb Code     0  libinit2.o(.ARM.Collect$$libinit$$0000000E)
    __rt_lib_init_lc_collate_1               0x080002a5   Thumb Code     0  libinit2.o(.ARM.Collect$$libinit$$00000013)
    __rt_lib_init_lc_ctype_2                 0x080002a5   Thumb Code     0  libinit2.o(.ARM.Collect$$libinit$$00000014)
    __rt_lib_init_lc_ctype_1                 0x080002b1   Thumb Code     0  libinit2.o(.ARM.Collect$$libinit$$00000015)
    __rt_lib_init_lc_monetary_1              0x080002b1   Thumb Code     0  libinit2.o(.ARM.Collect$$libinit$$00000017)
    __rt_lib_init_lc_numeric_2               0x080002b1   Thumb Code     0  libinit2.o(.ARM.Collect$$libinit$$00000018)
    __rt_lib_init_alloca_1                   0x080002bb   Thumb Code     0  libinit2.o(.ARM.Collect$$libinit$$00000030)
    __rt_lib_init_argv_1                     0x080002bb   Thumb Code     0  libinit2.o(.ARM.Collect$$libinit$$0000002E)
    __rt_lib_init_atexit_1                   0x080002bb   Thumb Code     0  libinit2.o(.ARM.Collect$$libinit$$0000001D)
    __rt_lib_init_clock_1                    0x080002bb   Thumb Code     0  libinit2.o(.ARM.Collect$$libinit$$00000023)
    __rt_lib_init_cpp_1                      0x080002bb   Thumb Code     0  libinit2.o(.ARM.Collect$$libinit$$00000034)
    __rt_lib_init_exceptions_1               0x080002bb   Thumb Code     0  libinit2.o(.ARM.Collect$$libinit$$00000032)
    __rt_lib_init_fp_trap_1                  0x080002bb   Thumb Code     0  libinit2.o(.ARM.Collect$$libinit$$00000021)
    __rt_lib_init_getenv_1                   0x080002bb   Thumb Code     0  libinit2.o(.ARM.Collect$$libinit$$00000025)
    __rt_lib_init_lc_numeric_1               0x080002bb   Thumb Code     0  libinit2.o(.ARM.Collect$$libinit$$00000019)
    __rt_lib_init_lc_time_1                  0x080002bb   Thumb Code     0  libinit2.o(.ARM.Collect$$libinit$$0000001B)
    __rt_lib_init_return                     0x080002bb   Thumb Code     0  libinit2.o(.ARM.Collect$$libinit$$00000035)
    __rt_lib_init_signal_1                   0x080002bb   Thumb Code     0  libinit2.o(.ARM.Collect$$libinit$$0000001F)
    __rt_lib_init_stdio_1                    0x080002bb   Thumb Code     0  libinit2.o(.ARM.Collect$$libinit$$00000027)
    __rt_lib_shutdown                        0x080002bd   Thumb Code     0  libshutdown.o(.ARM.Collect$$libshutdown$$00000000)
    __rt_lib_shutdown_cpp_1                  0x080002bf   Thumb Code     0  libshutdown2.o(.ARM.Collect$$libshutdown$$00000002)
    __rt_lib_shutdown_fp_trap_1              0x080002bf   Thumb Code     0  libshutdown2.o(.ARM.Collect$$libshutdown$$00000007)
    __rt_lib_shutdown_heap_1                 0x080002bf   Thumb Code     0  libshutdown2.o(.ARM.Collect$$libshutdown$$0000000F)
    __rt_lib_shutdown_return                 0x080002bf   Thumb Code     0  libshutdown2.o(.ARM.Collect$$libshutdown$$00000010)
    __rt_lib_shutdown_signal_1               0x080002bf   Thumb Code     0  libshutdown2.o(.ARM.Collect$$libshutdown$$0000000A)
    __rt_lib_shutdown_stdio_1                0x080002bf   Thumb Code     0  libshutdown2.o(.ARM.Collect$$libshutdown$$00000004)
    __rt_lib_shutdown_user_alloc_1           0x080002bf   Thumb Code     0  libshutdown2.o(.ARM.Collect$$libshutdown$$0000000C)
    __rt_entry                               0x080002c1   Thumb Code     0  __rtentry.o(.ARM.Collect$$rtentry$$00000000)
    __rt_entry_presh_1                       0x080002c1   Thumb Code     0  __rtentry2.o(.ARM.Collect$$rtentry$$00000002)
    __rt_entry_sh                            0x080002c1   Thumb Code     0  __rtentry4.o(.ARM.Collect$$rtentry$$00000004)
    __rt_entry_li                            0x080002c7   Thumb Code     0  __rtentry2.o(.ARM.Collect$$rtentry$$0000000A)
    __rt_entry_postsh_1                      0x080002c7   Thumb Code     0  __rtentry2.o(.ARM.Collect$$rtentry$$00000009)
    __rt_entry_main                          0x080002cb   Thumb Code     0  __rtentry2.o(.ARM.Collect$$rtentry$$0000000D)
    __rt_entry_postli_1                      0x080002cb   Thumb Code     0  __rtentry2.o(.ARM.Collect$$rtentry$$0000000C)
    __rt_exit                                0x080002d3   Thumb Code     0  rtexit.o(.ARM.Collect$$rtexit$$00000000)
    __rt_exit_ls                             0x080002d5   Thumb Code     0  rtexit2.o(.ARM.Collect$$rtexit$$00000003)
    __rt_exit_prels_1                        0x080002d5   Thumb Code     0  rtexit2.o(.ARM.Collect$$rtexit$$00000002)
    __rt_exit_exit                           0x080002d9   Thumb Code     0  rtexit2.o(.ARM.Collect$$rtexit$$00000004)
    Reset_Handler                            0x080002e1   Thumb Code     8  startup_stm32f401xe.o(.text)
    NMI_Handler                              0x080002e9   Thumb Code     2  startup_stm32f401xe.o(.text)
    HardFault_Handler                        0x080002eb   Thumb Code     2  startup_stm32f401xe.o(.text)
    MemManage_Handler                        0x080002ed   Thumb Code     2  startup_stm32f401xe.o(.text)
    BusFault_Handler                         0x080002ef   Thumb Code     2  startup_stm32f401xe.o(.text)
    UsageFault_Handler                       0x080002f1   Thumb Code     2  startup_stm32f401xe.o(.text)
    SVC_Handler                              0x080002f3   Thumb Code     2  startup_stm32f401xe.o(.text)
    DebugMon_Handler                         0x080002f5   Thumb Code     2  startup_stm32f401xe.o(.text)
    PendSV_Handler                           0x080002f7   Thumb Code     2  startup_stm32f401xe.o(.text)
    ADC_IRQHandler                           0x080002fb   Thumb Code     0  startup_stm32f401xe.o(.text)
    DMA1_Stream0_IRQHandler                  0x080002fb   Thumb Code     0  startup_stm32f401xe.o(.text)
    DMA1_Stream1_IRQHandler                  0x080002fb   Thumb Code     0  startup_stm32f401xe.o(.text)
    DMA1_Stream2_IRQHandler                  0x080002fb   Thumb Code     0  startup_stm32f401xe.o(.text)
    DMA1_Stream3_IRQHandler                  0x080002fb   Thumb Code     0  startup_stm32f401xe.o(.text)
    DMA1_Stream4_IRQHandler                  0x080002fb   Thumb Code     0  startup_stm32f401xe.o(.text)
    DMA1_Stream5_IRQHandler                  0x080002fb   Thumb Code     0  startup_stm32f401xe.o(.text)
    DMA1_Stream6_IRQHandler                  0x080002fb   Thumb Code     0  startup_stm32f401xe.o(.text)
    DMA1_Stream7_IRQHandler                  0x080002fb   Thumb Code     0  startup_stm32f401xe.o(.text)
    DMA2_Stream0_IRQHandler                  0x080002fb   Thumb Code     0  startup_stm32f401xe.o(.text)
    DMA2_Stream1_IRQHandler                  0x080002fb   Thumb Code     0  startup_stm32f401xe.o(.text)
    DMA2_Stream2_IRQHandler                  0x080002fb   Thumb Code     0  startup_stm32f401xe.o(.text)
    DMA2_Stream3_IRQHandler                  0x080002fb   Thumb Code     0  startup_stm32f401xe.o(.text)
    DMA2_Stream4_IRQHandler                  0x080002fb   Thumb Code     0  startup_stm32f401xe.o(.text)
    DMA2_Stream5_IRQHandler                  0x080002fb   Thumb Code     0  startup_stm32f401xe.o(.text)
    DMA2_Stream6_IRQHandler                  0x080002fb   Thumb Code     0  startup_stm32f401xe.o(.text)
    DMA2_Stream7_IRQHandler                  0x080002fb   Thumb Code     0  startup_stm32f401xe.o(.text)
    EXTI0_IRQHandler                         0x080002fb   Thumb Code     0  startup_stm32f401xe.o(.text)
    EXTI15_10_IRQHandler                     0x080002fb   Thumb Code     0  startup_stm32f401xe.o(.text)
    EXTI1_IRQHandler                         0x080002fb   Thumb Code     0  startup_stm32f401xe.o(.text)
    EXTI2_IRQHandler                         0x080002fb   Thumb Code     0  startup_stm32f401xe.o(.text)
    EXTI3_IRQHandler                         0x080002fb   Thumb Code     0  startup_stm32f401xe.o(.text)
    EXTI4_IRQHandler                         0x080002fb   Thumb Code     0  startup_stm32f401xe.o(.text)
    EXTI9_5_IRQHandler                       0x080002fb   Thumb Code     0  startup_stm32f401xe.o(.text)
    FLASH_IRQHandler                         0x080002fb   Thumb Code     0  startup_stm32f401xe.o(.text)
    FPU_IRQHandler                           0x080002fb   Thumb Code     0  startup_stm32f401xe.o(.text)
    I2C1_ER_IRQHandler                       0x080002fb   Thumb Code     0  startup_stm32f401xe.o(.text)
    I2C1_EV_IRQHandler                       0x080002fb   Thumb Code     0  startup_stm32f401xe.o(.text)
    I2C2_ER_IRQHandler                       0x080002fb   Thumb Code     0  startup_stm32f401xe.o(.text)
    I2C2_EV_IRQHandler                       0x080002fb   Thumb Code     0  startup_stm32f401xe.o(.text)
    I2C3_ER_IRQHandler                       0x080002fb   Thumb Code     0  startup_stm32f401xe.o(.text)
    I2C3_EV_IRQHandler                       0x080002fb   Thumb Code     0  startup_stm32f401xe.o(.text)
    OTG_FS_IRQHandler                        0x080002fb   Thumb Code     0  startup_stm32f401xe.o(.text)
    OTG_FS_WKUP_IRQHandler                   0x080002fb   Thumb Code     0  startup_stm32f401xe.o(.text)
    PVD_IRQHandler                           0x080002fb   Thumb Code     0  startup_stm32f401xe.o(.text)
    RCC_IRQHandler                           0x080002fb   Thumb Code     0  startup_stm32f401xe.o(.text)
    RTC_Alarm_IRQHandler                     0x080002fb   Thumb Code     0  startup_stm32f401xe.o(.text)
    RTC_WKUP_IRQHandler                      0x080002fb   Thumb Code     0  startup_stm32f401xe.o(.text)
    SDIO_IRQHandler                          0x080002fb   Thumb Code     0  startup_stm32f401xe.o(.text)
    SPI1_IRQHandler                          0x080002fb   Thumb Code     0  startup_stm32f401xe.o(.text)
    SPI2_IRQHandler                          0x080002fb   Thumb Code     0  startup_stm32f401xe.o(.text)
    SPI3_IRQHandler                          0x080002fb   Thumb Code     0  startup_stm32f401xe.o(.text)
    SPI4_IRQHandler                          0x080002fb   Thumb Code     0  startup_stm32f401xe.o(.text)
    TAMP_STAMP_IRQHandler                    0x080002fb   Thumb Code     0  startup_stm32f401xe.o(.text)
    TIM1_BRK_TIM9_IRQHandler                 0x080002fb   Thumb Code     0  startup_stm32f401xe.o(.text)
    TIM1_CC_IRQHandler                       0x080002fb   Thumb Code     0  startup_stm32f401xe.o(.text)
    TIM1_TRG_COM_TIM11_IRQHandler            0x080002fb   Thumb Code     0  startup_stm32f401xe.o(.text)
    TIM1_UP_TIM10_IRQHandler                 0x080002fb   Thumb Code     0  startup_stm32f401xe.o(.text)
    TIM2_IRQHandler                          0x080002fb   Thumb Code     0  startup_stm32f401xe.o(.text)
    TIM3_IRQHandler                          0x080002fb   Thumb Code     0  startup_stm32f401xe.o(.text)
    TIM4_IRQHandler                          0x080002fb   Thumb Code     0  startup_stm32f401xe.o(.text)
    TIM5_IRQHandler                          0x080002fb   Thumb Code     0  startup_stm32f401xe.o(.text)
    USART1_IRQHandler                        0x080002fb   Thumb Code     0  startup_stm32f401xe.o(.text)
    USART2_IRQHandler                        0x080002fb   Thumb Code     0  startup_stm32f401xe.o(.text)
    USART6_IRQHandler                        0x080002fb   Thumb Code     0  startup_stm32f401xe.o(.text)
    WWDG_IRQHandler                          0x080002fb   Thumb Code     0  startup_stm32f401xe.o(.text)
    __user_initial_stackheap                 0x080002fd   Thumb Code     0  startup_stm32f401xe.o(.text)
    snprintf                                 0x08000321   Thumb Code    58  snprintf.o(.text)
    __use_two_region_memory                  0x08000361   Thumb Code     2  heapauxi.o(.text)
    __rt_heap_escrow$2region                 0x08000363   Thumb Code     2  heapauxi.o(.text)
    __rt_heap_expand$2region                 0x08000365   Thumb Code     2  heapauxi.o(.text)
    _printf_pre_padding                      0x08000367   Thumb Code    44  _printf_pad.o(.text)
    _printf_post_padding                     0x08000393   Thumb Code    34  _printf_pad.o(.text)
    _printf_truncate_signed                  0x080003b5   Thumb Code    18  _printf_truncate.o(.text)
    _printf_truncate_unsigned                0x080003c7   Thumb Code    18  _printf_truncate.o(.text)
    _printf_str                              0x080003d9   Thumb Code    82  _printf_str.o(.text)
    _printf_int_dec                          0x0800042d   Thumb Code   104  _printf_dec.o(.text)
    _printf_charcount                        0x080004a5   Thumb Code    40  _printf_charcount.o(.text)
    _printf_char_common                      0x080004d7   Thumb Code    32  _printf_char_common.o(.text)
    _snputc                                  0x080004fd   Thumb Code    16  _snputc.o(.text)
    _printf_wctomb                           0x0800050d   Thumb Code   182  _printf_wctomb.o(.text)
    _printf_longlong_dec                     0x080005c9   Thumb Code   108  _printf_longlong_dec.o(.text)
    _printf_longlong_oct                     0x08000645   Thumb Code    68  _printf_oct_int_ll.o(.text)
    _printf_int_oct                          0x08000689   Thumb Code    24  _printf_oct_int_ll.o(.text)
    _printf_ll_oct                           0x080006a1   Thumb Code    12  _printf_oct_int_ll.o(.text)
    _printf_longlong_hex                     0x080006b5   Thumb Code    86  _printf_hex_int_ll_ptr.o(.text)
    _printf_int_hex                          0x0800070b   Thumb Code    28  _printf_hex_int_ll_ptr.o(.text)
    _printf_ll_hex                           0x08000727   Thumb Code    12  _printf_hex_int_ll_ptr.o(.text)
    _printf_hex_ptr                          0x08000733   Thumb Code    18  _printf_hex_int_ll_ptr.o(.text)
    __printf                                 0x08000749   Thumb Code   388  __printf_flags_ss_wp.o(.text)
    _ll_udiv10                               0x080008d1   Thumb Code   138  lludiv10.o(.text)
    _printf_int_common                       0x0800095b   Thumb Code   178  _printf_intcommon.o(.text)
    _printf_fp_dec_real                      0x08000bbd   Thumb Code   620  _printf_fp_dec.o(.text)
    _printf_fp_hex_real                      0x08000e29   Thumb Code   756  _printf_fp_hex.o(.text)
    _printf_cs_common                        0x08001125   Thumb Code    20  _printf_char.o(.text)
    _printf_char                             0x08001139   Thumb Code    16  _printf_char.o(.text)
    _printf_string                           0x08001149   Thumb Code     8  _printf_char.o(.text)
    _printf_lcs_common                       0x08001151   Thumb Code    20  _printf_wchar.o(.text)
    _printf_wchar                            0x08001165   Thumb Code    16  _printf_wchar.o(.text)
    _printf_wstring                          0x08001175   Thumb Code     8  _printf_wchar.o(.text)
    _c16rtomb                                0x0800117d   Thumb Code    72  _c16rtomb.o(.text)
    _wcrtomb                                 0x0800117d   Thumb Code     0  _c16rtomb.o(.text)
    __user_setup_stackheap                   0x080011c5   Thumb Code    74  sys_stackheap_outer.o(.text)
    __rt_ctype_table                         0x08001211   Thumb Code    16  rt_ctype_table.o(.text)
    __rt_locale                              0x08001221   Thumb Code     8  rt_locale_intlibspace.o(.text)
    _printf_fp_infnan                        0x08001229   Thumb Code   112  _printf_fp_infnan.o(.text)
    _btod_etento                             0x080012a9   Thumb Code   224  bigflt0.o(.text)
    exit                                     0x0800138d   Thumb Code    18  exit.o(.text)
    __user_libspace                          0x080013a1   Thumb Code     8  libspace.o(.text)
    __user_perproc_libspace                  0x080013a1   Thumb Code     0  libspace.o(.text)
    __user_perthread_libspace                0x080013a1   Thumb Code     0  libspace.o(.text)
    strcmp                                   0x080013a9   Thumb Code   124  strcmpv7em.o(.text)
    _sys_exit                                0x08001425   Thumb Code     8  sys_exit.o(.text)
    __I$use$semihosting                      0x08001431   Thumb Code     0  use_no_semi.o(.text)
    __use_no_semihosting_swi                 0x08001431   Thumb Code     2  use_no_semi.o(.text)
    __semihosting_library_function           0x08001433   Thumb Code     0  indicate_semi.o(.text)
    HAL_Delay                                0x08001435   Thumb Code    66  stm32f4xx_hal.o(.text.HAL_Delay)
    HAL_GPIO_Init                            0x08001479   Thumb Code   866  stm32f4xx_hal_gpio.o(.text.HAL_GPIO_Init)
    HAL_GPIO_WritePin                        0x080017dd   Thumb Code    46  stm32f4xx_hal_gpio.o(.text.HAL_GPIO_WritePin)
    HAL_GetTick                              0x0800180d   Thumb Code    12  stm32f4xx_hal.o(.text.HAL_GetTick)
    HAL_IncTick                              0x08001819   Thumb Code    26  stm32f4xx_hal.o(.text.HAL_IncTick)
    HAL_Init                                 0x08001835   Thumb Code    46  stm32f4xx_hal.o(.text.HAL_Init)
    HAL_InitTick                             0x08001865   Thumb Code   112  stm32f4xx_hal.o(.text.HAL_InitTick)
    HAL_MspInit                              0x080018d5   Thumb Code     2  stm32f4xx_hal.o(.text.HAL_MspInit)
    HAL_NVIC_SetPriority                     0x080018d9   Thumb Code    50  stm32f4xx_hal_cortex.o(.text.HAL_NVIC_SetPriority)
    HAL_NVIC_SetPriorityGrouping             0x0800190d   Thumb Code    16  stm32f4xx_hal_cortex.o(.text.HAL_NVIC_SetPriorityGrouping)
    HAL_SYSTICK_Config                       0x0800191d   Thumb Code    16  stm32f4xx_hal_cortex.o(.text.HAL_SYSTICK_Config)
    LCD_Clear                                0x0800192d   Thumb Code    16  lcd.o(.text.LCD_Clear)
    LCD_Delay_ms                             0x08001a85   Thumb Code    20  lcd.o(.text.LCD_Delay_ms)
    LCD_Delay_us                             0x08001a99   Thumb Code   124  lcd.o(.text.LCD_Delay_us)
    LCD_DisplayOn                            0x08001b15   Thumb Code    30  lcd.o(.text.LCD_DisplayOn)
    LCD_Init                                 0x08001b35   Thumb Code   280  lcd.o(.text.LCD_Init)
    LCD_Puts                                 0x08001c4d   Thumb Code   182  lcd.o(.text.LCD_Puts)
    SysTick_Handler                          0x08001dc5   Thumb Code     8  main.o(.text.SysTick_Handler)
    SystemCoreClockUpdate                    0x08001dcd   Thumb Code   302  system_stm32f4xx.o(.text.SystemCoreClockUpdate)
    SystemInit                               0x08001efd   Thumb Code    18  system_stm32f4xx.o(.text.SystemInit)
    main                                     0x08001fa1   Thumb Code   308  main.o(.text.main)
    _btod_d2e                                0x080020d5   Thumb Code    62  btod.o(CL$$btod_d2e)
    _d2e_denorm_low                          0x08002113   Thumb Code    70  btod.o(CL$$btod_d2e_denorm_low)
    _d2e_norm_op1                            0x08002159   Thumb Code    96  btod.o(CL$$btod_d2e_norm_op1)
    __btod_div_common                        0x080021b9   Thumb Code   696  btod.o(CL$$btod_div_common)
    _e2e                                     0x080024f1   Thumb Code   220  btod.o(CL$$btod_e2e)
    _btod_ediv                               0x080025cd   Thumb Code    42  btod.o(CL$$btod_ediv)
    _btod_emul                               0x080025f7   Thumb Code    42  btod.o(CL$$btod_emul)
    __btod_mult_common                       0x08002621   Thumb Code   580  btod.o(CL$$btod_mult_common)
    __ARM_fpclassify                         0x08002865   Thumb Code    48  fpclassify.o(i.__ARM_fpclassify)
    _is_digit                                0x08002895   Thumb Code    14  __printf_wp.o(i._is_digit)
    _get_lc_numeric                          0x080028a5   Thumb Code    44  lc_numeric_c.o(locale$$code)
    _get_lc_ctype                            0x080028d1   Thumb Code    44  lc_ctype_c.o(locale$$code)
    _fp_init                                 0x080028fd   Thumb Code    26  fpinit.o(x$fpl$fpinit)
    __fplib_config_fpu_vfp                   0x08002915   Thumb Code     0  fpinit.o(x$fpl$fpinit)
    __fplib_config_pureend_doubles           0x08002915   Thumb Code     0  fpinit.o(x$fpl$fpinit)
    _printf_fp_dec                           0x08002917   Thumb Code     4  printf1.o(x$fpl$printf1)
    _printf_fp_hex                           0x0800291b   Thumb Code     4  printf2.o(x$fpl$printf2)
    __I$use$fp                               0x0800291e   Number         0  usenofp.o(x$fpl$usenofp)
    AHBPrescTable                            0x08002a1c   Data          16  system_stm32f4xx.o(.rodata.AHBPrescTable)
    Region$$Table$$Base                      0x08002a40   Number         0  anon$$obj.o(Region$$Table)
    Region$$Table$$Limit                     0x08002a60   Number         0  anon$$obj.o(Region$$Table)
    __ctype                                  0x08002a89   Data           0  lc_ctype_c.o(locale$$data)
    SystemCoreClock                          0x20000000   Data           4  system_stm32f4xx.o(.data.SystemCoreClock)
    uwTickFreq                               0x20000004   Data           1  stm32f4xx_hal.o(.data.uwTickFreq)
    uwTickPrio                               0x20000008   Data           4  stm32f4xx_hal.o(.data.uwTickPrio)
    __libspace_start                         0x20000010   Data          96  libspace.o(.bss)
    __temporary_stack_top$libspace           0x20000070   Data           0  libspace.o(.bss)
    uwTick                                   0x20000078   Data           4  stm32f4xx_hal.o(.bss.uwTick)



==============================================================================

Memory Map of the image

  Image Entry point : 0x08000195

  Load Region LR_IROM1 (Base: 0x08000000, Size: 0x00002ba0, Max: 0x00080000, ABSOLUTE)

    Execution Region ER_IROM1 (Exec base: 0x08000000, Load base: 0x08000000, Size: 0x00002b8c, Max: 0x00080000, ABSOLUTE)

    Exec Addr    Load Addr    Size         Type   Attr      Idx    E Section Name        Object

    0x08000000   0x08000000   0x00000194   Data   RO          345    RESET               startup_stm32f401xe.o
    0x08000194   0x08000194   0x00000008   Code   RO          374  * !!!main             c_w.l(__main.o)
    0x0800019c   0x0800019c   0x00000034   Code   RO          721    !!!scatter          c_w.l(__scatter.o)
    0x080001d0   0x080001d0   0x0000001a   Code   RO          723    !!handler_copy      c_w.l(__scatter_copy.o)
    0x080001ea   0x080001ea   0x00000002   PAD
    0x080001ec   0x080001ec   0x0000001c   Code   RO          725    !!handler_zi        c_w.l(__scatter_zi.o)
    0x08000208   0x08000208   0x00000000   Code   RO          462    .ARM.Collect$$_printf_percent$$00000000  c_w.l(_printf_percent.o)
    0x08000208   0x08000208   0x00000006   Code   RO          451    .ARM.Collect$$_printf_percent$$00000001  c_w.l(_printf_n.o)
    0x0800020e   0x0800020e   0x00000006   Code   RO          453    .ARM.Collect$$_printf_percent$$00000002  c_w.l(_printf_p.o)
    0x08000214   0x08000214   0x00000006   Code   RO          458    .ARM.Collect$$_printf_percent$$00000003  c_w.l(_printf_f.o)
    0x0800021a   0x0800021a   0x00000006   Code   RO          459    .ARM.Collect$$_printf_percent$$00000004  c_w.l(_printf_e.o)
    0x08000220   0x08000220   0x00000006   Code   RO          460    .ARM.Collect$$_printf_percent$$00000005  c_w.l(_printf_g.o)
    0x08000226   0x08000226   0x00000006   Code   RO          461    .ARM.Collect$$_printf_percent$$00000006  c_w.l(_printf_a.o)
    0x0800022c   0x0800022c   0x0000000a   Code   RO          466    .ARM.Collect$$_printf_percent$$00000007  c_w.l(_printf_ll.o)
    0x08000236   0x08000236   0x00000006   Code   RO          455    .ARM.Collect$$_printf_percent$$00000008  c_w.l(_printf_i.o)
    0x0800023c   0x0800023c   0x00000006   Code   RO          456    .ARM.Collect$$_printf_percent$$00000009  c_w.l(_printf_d.o)
    0x08000242   0x08000242   0x00000006   Code   RO          457    .ARM.Collect$$_printf_percent$$0000000A  c_w.l(_printf_u.o)
    0x08000248   0x08000248   0x00000006   Code   RO          454    .ARM.Collect$$_printf_percent$$0000000B  c_w.l(_printf_o.o)
    0x0800024e   0x0800024e   0x00000006   Code   RO          452    .ARM.Collect$$_printf_percent$$0000000C  c_w.l(_printf_x.o)
    0x08000254   0x08000254   0x00000006   Code   RO          463    .ARM.Collect$$_printf_percent$$0000000D  c_w.l(_printf_lli.o)
    0x0800025a   0x0800025a   0x00000006   Code   RO          464    .ARM.Collect$$_printf_percent$$0000000E  c_w.l(_printf_lld.o)
    0x08000260   0x08000260   0x00000006   Code   RO          465    .ARM.Collect$$_printf_percent$$0000000F  c_w.l(_printf_llu.o)
    0x08000266   0x08000266   0x00000006   Code   RO          470    .ARM.Collect$$_printf_percent$$00000010  c_w.l(_printf_llo.o)
    0x0800026c   0x0800026c   0x00000006   Code   RO          471    .ARM.Collect$$_printf_percent$$00000011  c_w.l(_printf_llx.o)
    0x08000272   0x08000272   0x0000000a   Code   RO          467    .ARM.Collect$$_printf_percent$$00000012  c_w.l(_printf_l.o)
    0x0800027c   0x0800027c   0x00000006   Code   RO          449    .ARM.Collect$$_printf_percent$$00000013  c_w.l(_printf_c.o)
    0x08000282   0x08000282   0x00000006   Code   RO          450    .ARM.Collect$$_printf_percent$$00000014  c_w.l(_printf_s.o)
    0x08000288   0x08000288   0x00000006   Code   RO          468    .ARM.Collect$$_printf_percent$$00000015  c_w.l(_printf_lc.o)
    0x0800028e   0x0800028e   0x00000006   Code   RO          469    .ARM.Collect$$_printf_percent$$00000016  c_w.l(_printf_ls.o)
    0x08000294   0x08000294   0x00000004   Code   RO          514    .ARM.Collect$$_printf_percent$$00000017  c_w.l(_printf_percent_end.o)
    0x08000298   0x08000298   0x00000002   Code   RO          569    .ARM.Collect$$libinit$$00000000  c_w.l(libinit.o)
    0x0800029a   0x0800029a   0x00000004   Code   RO          593    .ARM.Collect$$libinit$$00000001  c_w.l(libinit2.o)
    0x0800029e   0x0800029e   0x00000000   Code   RO          596    .ARM.Collect$$libinit$$00000004  c_w.l(libinit2.o)
    0x0800029e   0x0800029e   0x00000000   Code   RO          598    .ARM.Collect$$libinit$$00000006  c_w.l(libinit2.o)
    0x0800029e   0x0800029e   0x00000000   Code   RO          601    .ARM.Collect$$libinit$$0000000C  c_w.l(libinit2.o)
    0x0800029e   0x0800029e   0x00000000   Code   RO          603    .ARM.Collect$$libinit$$0000000E  c_w.l(libinit2.o)
    0x0800029e   0x0800029e   0x00000000   Code   RO          605    .ARM.Collect$$libinit$$00000010  c_w.l(libinit2.o)
    0x0800029e   0x0800029e   0x00000006   Code   RO          606    .ARM.Collect$$libinit$$00000011  c_w.l(libinit2.o)
    0x080002a4   0x080002a4   0x00000000   Code   RO          608    .ARM.Collect$$libinit$$00000013  c_w.l(libinit2.o)
    0x080002a4   0x080002a4   0x0000000c   Code   RO          609    .ARM.Collect$$libinit$$00000014  c_w.l(libinit2.o)
    0x080002b0   0x080002b0   0x00000000   Code   RO          610    .ARM.Collect$$libinit$$00000015  c_w.l(libinit2.o)
    0x080002b0   0x080002b0   0x00000000   Code   RO          612    .ARM.Collect$$libinit$$00000017  c_w.l(libinit2.o)
    0x080002b0   0x080002b0   0x0000000a   Code   RO          613    .ARM.Collect$$libinit$$00000018  c_w.l(libinit2.o)
    0x080002ba   0x080002ba   0x00000000   Code   RO          614    .ARM.Collect$$libinit$$00000019  c_w.l(libinit2.o)
    0x080002ba   0x080002ba   0x00000000   Code   RO          616    .ARM.Collect$$libinit$$0000001B  c_w.l(libinit2.o)
    0x080002ba   0x080002ba   0x00000000   Code   RO          618    .ARM.Collect$$libinit$$0000001D  c_w.l(libinit2.o)
    0x080002ba   0x080002ba   0x00000000   Code   RO          620    .ARM.Collect$$libinit$$0000001F  c_w.l(libinit2.o)
    0x080002ba   0x080002ba   0x00000000   Code   RO          622    .ARM.Collect$$libinit$$00000021  c_w.l(libinit2.o)
    0x080002ba   0x080002ba   0x00000000   Code   RO          624    .ARM.Collect$$libinit$$00000023  c_w.l(libinit2.o)
    0x080002ba   0x080002ba   0x00000000   Code   RO          626    .ARM.Collect$$libinit$$00000025  c_w.l(libinit2.o)
    0x080002ba   0x080002ba   0x00000000   Code   RO          628    .ARM.Collect$$libinit$$00000027  c_w.l(libinit2.o)
    0x080002ba   0x080002ba   0x00000000   Code   RO          632    .ARM.Collect$$libinit$$0000002E  c_w.l(libinit2.o)
    0x080002ba   0x080002ba   0x00000000   Code   RO          634    .ARM.Collect$$libinit$$00000030  c_w.l(libinit2.o)
    0x080002ba   0x080002ba   0x00000000   Code   RO          636    .ARM.Collect$$libinit$$00000032  c_w.l(libinit2.o)
    0x080002ba   0x080002ba   0x00000000   Code   RO          638    .ARM.Collect$$libinit$$00000034  c_w.l(libinit2.o)
    0x080002ba   0x080002ba   0x00000002   Code   RO          639    .ARM.Collect$$libinit$$00000035  c_w.l(libinit2.o)
    0x080002bc   0x080002bc   0x00000002   Code   RO          676    .ARM.Collect$$libshutdown$$00000000  c_w.l(libshutdown.o)
    0x080002be   0x080002be   0x00000000   Code   RO          704    .ARM.Collect$$libshutdown$$00000002  c_w.l(libshutdown2.o)
    0x080002be   0x080002be   0x00000000   Code   RO          706    .ARM.Collect$$libshutdown$$00000004  c_w.l(libshutdown2.o)
    0x080002be   0x080002be   0x00000000   Code   RO          709    .ARM.Collect$$libshutdown$$00000007  c_w.l(libshutdown2.o)
    0x080002be   0x080002be   0x00000000   Code   RO          712    .ARM.Collect$$libshutdown$$0000000A  c_w.l(libshutdown2.o)
    0x080002be   0x080002be   0x00000000   Code   RO          714    .ARM.Collect$$libshutdown$$0000000C  c_w.l(libshutdown2.o)
    0x080002be   0x080002be   0x00000000   Code   RO          717    .ARM.Collect$$libshutdown$$0000000F  c_w.l(libshutdown2.o)
    0x080002be   0x080002be   0x00000002   Code   RO          718    .ARM.Collect$$libshutdown$$00000010  c_w.l(libshutdown2.o)
    0x080002c0   0x080002c0   0x00000000   Code   RO          376    .ARM.Collect$$rtentry$$00000000  c_w.l(__rtentry.o)
    0x080002c0   0x080002c0   0x00000000   Code   RO          481    .ARM.Collect$$rtentry$$00000002  c_w.l(__rtentry2.o)
    0x080002c0   0x080002c0   0x00000006   Code   RO          493    .ARM.Collect$$rtentry$$00000004  c_w.l(__rtentry4.o)
    0x080002c6   0x080002c6   0x00000000   Code   RO          483    .ARM.Collect$$rtentry$$00000009  c_w.l(__rtentry2.o)
    0x080002c6   0x080002c6   0x00000004   Code   RO          484    .ARM.Collect$$rtentry$$0000000A  c_w.l(__rtentry2.o)
    0x080002ca   0x080002ca   0x00000000   Code   RO          486    .ARM.Collect$$rtentry$$0000000C  c_w.l(__rtentry2.o)
    0x080002ca   0x080002ca   0x00000008   Code   RO          487    .ARM.Collect$$rtentry$$0000000D  c_w.l(__rtentry2.o)
    0x080002d2   0x080002d2   0x00000002   Code   RO          578    .ARM.Collect$$rtexit$$00000000  c_w.l(rtexit.o)
    0x080002d4   0x080002d4   0x00000000   Code   RO          645    .ARM.Collect$$rtexit$$00000002  c_w.l(rtexit2.o)
    0x080002d4   0x080002d4   0x00000004   Code   RO          646    .ARM.Collect$$rtexit$$00000003  c_w.l(rtexit2.o)
    0x080002d8   0x080002d8   0x00000006   Code   RO          647    .ARM.Collect$$rtexit$$00000004  c_w.l(rtexit2.o)
    0x080002de   0x080002de   0x00000002   PAD
    0x080002e0   0x080002e0   0x00000040   Code   RO          346    .text               startup_stm32f401xe.o
    0x08000320   0x08000320   0x00000040   Code   RO          370    .text               c_w.l(snprintf.o)
    0x08000360   0x08000360   0x00000006   Code   RO          372    .text               c_w.l(heapauxi.o)
    0x08000366   0x08000366   0x0000004e   Code   RO          383    .text               c_w.l(_printf_pad.o)
    0x080003b4   0x080003b4   0x00000024   Code   RO          385    .text               c_w.l(_printf_truncate.o)
    0x080003d8   0x080003d8   0x00000052   Code   RO          387    .text               c_w.l(_printf_str.o)
    0x0800042a   0x0800042a   0x00000002   PAD
    0x0800042c   0x0800042c   0x00000078   Code   RO          389    .text               c_w.l(_printf_dec.o)
    0x080004a4   0x080004a4   0x00000028   Code   RO          391    .text               c_w.l(_printf_charcount.o)
    0x080004cc   0x080004cc   0x00000030   Code   RO          393    .text               c_w.l(_printf_char_common.o)
    0x080004fc   0x080004fc   0x00000010   Code   RO          395    .text               c_w.l(_snputc.o)
    0x0800050c   0x0800050c   0x000000bc   Code   RO          397    .text               c_w.l(_printf_wctomb.o)
    0x080005c8   0x080005c8   0x0000007c   Code   RO          400    .text               c_w.l(_printf_longlong_dec.o)
    0x08000644   0x08000644   0x00000070   Code   RO          406    .text               c_w.l(_printf_oct_int_ll.o)
    0x080006b4   0x080006b4   0x00000094   Code   RO          426    .text               c_w.l(_printf_hex_int_ll_ptr.o)
    0x08000748   0x08000748   0x00000188   Code   RO          446    .text               c_w.l(__printf_flags_ss_wp.o)
    0x080008d0   0x080008d0   0x0000008a   Code   RO          497    .text               c_w.l(lludiv10.o)
    0x0800095a   0x0800095a   0x000000b2   Code   RO          499    .text               c_w.l(_printf_intcommon.o)
    0x08000a0c   0x08000a0c   0x0000041c   Code   RO          501    .text               c_w.l(_printf_fp_dec.o)
    0x08000e28   0x08000e28   0x000002fc   Code   RO          505    .text               c_w.l(_printf_fp_hex.o)
    0x08001124   0x08001124   0x0000002c   Code   RO          510    .text               c_w.l(_printf_char.o)
    0x08001150   0x08001150   0x0000002c   Code   RO          512    .text               c_w.l(_printf_wchar.o)
    0x0800117c   0x0800117c   0x00000048   Code   RO          515    .text               c_w.l(_c16rtomb.o)
    0x080011c4   0x080011c4   0x0000004a   Code   RO          517    .text               c_w.l(sys_stackheap_outer.o)
    0x0800120e   0x0800120e   0x00000002   PAD
    0x08001210   0x08001210   0x00000010   Code   RO          519    .text               c_w.l(rt_ctype_table.o)
    0x08001220   0x08001220   0x00000008   Code   RO          524    .text               c_w.l(rt_locale_intlibspace.o)
    0x08001228   0x08001228   0x00000080   Code   RO          526    .text               c_w.l(_printf_fp_infnan.o)
    0x080012a8   0x080012a8   0x000000e4   Code   RO          528    .text               c_w.l(bigflt0.o)
    0x0800138c   0x0800138c   0x00000012   Code   RO          558    .text               c_w.l(exit.o)
    0x0800139e   0x0800139e   0x00000002   PAD
    0x080013a0   0x080013a0   0x00000008   Code   RO          575    .text               c_w.l(libspace.o)
    0x080013a8   0x080013a8   0x0000007c   Code   RO          591    .text               c_w.l(strcmpv7em.o)
    0x08001424   0x08001424   0x0000000c   Code   RO          640    .text               c_w.l(sys_exit.o)
    0x08001430   0x08001430   0x00000002   Code   RO          665    .text               c_w.l(use_no_semi.o)
    0x08001432   0x08001432   0x00000000   Code   RO          667    .text               c_w.l(indicate_semi.o)
    0x08001432   0x08001432   0x00000002   PAD
    0x08001434   0x08001434   0x00000042   Code   RO           84    .text.HAL_Delay     stm32f4xx_hal.o
    0x08001476   0x08001476   0x00000002   PAD
    0x08001478   0x08001478   0x00000362   Code   RO          199    .text.HAL_GPIO_Init  stm32f4xx_hal_gpio.o
    0x080017da   0x080017da   0x00000002   PAD
    0x080017dc   0x080017dc   0x0000002e   Code   RO          205    .text.HAL_GPIO_WritePin  stm32f4xx_hal_gpio.o
    0x0800180a   0x0800180a   0x00000002   PAD
    0x0800180c   0x0800180c   0x0000000c   Code   RO           76    .text.HAL_GetTick   stm32f4xx_hal.o
    0x08001818   0x08001818   0x0000001a   Code   RO           74    .text.HAL_IncTick   stm32f4xx_hal.o
    0x08001832   0x08001832   0x00000002   PAD
    0x08001834   0x08001834   0x0000002e   Code   RO           64    .text.HAL_Init      stm32f4xx_hal.o
    0x08001862   0x08001862   0x00000002   PAD
    0x08001864   0x08001864   0x00000070   Code   RO           66    .text.HAL_InitTick  stm32f4xx_hal.o
    0x080018d4   0x080018d4   0x00000002   Code   RO           68    .text.HAL_MspInit   stm32f4xx_hal.o
    0x080018d6   0x080018d6   0x00000002   PAD
    0x080018d8   0x080018d8   0x00000032   Code   RO          132    .text.HAL_NVIC_SetPriority  stm32f4xx_hal_cortex.o
    0x0800190a   0x0800190a   0x00000002   PAD
    0x0800190c   0x0800190c   0x00000010   Code   RO          128    .text.HAL_NVIC_SetPriorityGrouping  stm32f4xx_hal_cortex.o
    0x0800191c   0x0800191c   0x00000010   Code   RO          152    .text.HAL_SYSTICK_Config  stm32f4xx_hal_cortex.o
    0x0800192c   0x0800192c   0x00000010   Code   RO           27    .text.LCD_Clear     lcd.o
    0x0800193c   0x0800193c   0x00000032   Code   RO           23    .text.LCD_Cmd       lcd.o
    0x0800196e   0x0800196e   0x00000002   PAD
    0x08001970   0x08001970   0x00000088   Code   RO           21    .text.LCD_Cmd4bit   lcd.o
    0x080019f8   0x080019f8   0x00000058   Code   RO           31    .text.LCD_CursorSet  lcd.o
    0x08001a50   0x08001a50   0x00000032   Code   RO           33    .text.LCD_Data      lcd.o
    0x08001a82   0x08001a82   0x00000002   PAD
    0x08001a84   0x08001a84   0x00000014   Code   RO           17    .text.LCD_Delay_ms  lcd.o
    0x08001a98   0x08001a98   0x0000007c   Code   RO           15    .text.LCD_Delay_us  lcd.o
    0x08001b14   0x08001b14   0x0000001e   Code   RO           25    .text.LCD_DisplayOn  lcd.o
    0x08001b32   0x08001b32   0x00000002   PAD
    0x08001b34   0x08001b34   0x00000118   Code   RO           19    .text.LCD_Init      lcd.o
    0x08001c4c   0x08001c4c   0x000000b6   Code   RO           29    .text.LCD_Puts      lcd.o
    0x08001d02   0x08001d02   0x00000002   PAD
    0x08001d04   0x08001d04   0x0000006c   Code   RO          138    .text.NVIC_EncodePriority  stm32f4xx_hal_cortex.o
    0x08001d70   0x08001d70   0x00000052   Code   RO          154    .text.SysTick_Config  stm32f4xx_hal_cortex.o
    0x08001dc2   0x08001dc2   0x00000002   PAD
    0x08001dc4   0x08001dc4   0x00000008   Code   RO            4    .text.SysTick_Handler  main.o
    0x08001dcc   0x08001dcc   0x0000012e   Code   RO          355    .text.SystemCoreClockUpdate  system_stm32f4xx.o
    0x08001efa   0x08001efa   0x00000002   PAD
    0x08001efc   0x08001efc   0x00000012   Code   RO          353    .text.SystemInit    system_stm32f4xx.o
    0x08001f0e   0x08001f0e   0x00000002   PAD
    0x08001f10   0x08001f10   0x00000010   Code   RO          134    .text.__NVIC_GetPriorityGrouping  stm32f4xx_hal_cortex.o
    0x08001f20   0x08001f20   0x00000042   Code   RO          136    .text.__NVIC_SetPriority  stm32f4xx_hal_cortex.o
    0x08001f62   0x08001f62   0x00000002   PAD
    0x08001f64   0x08001f64   0x0000003c   Code   RO          130    .text.__NVIC_SetPriorityGrouping  stm32f4xx_hal_cortex.o
    0x08001fa0   0x08001fa0   0x00000134   Code   RO            2    .text.main          main.o
    0x080020d4   0x080020d4   0x0000003e   Code   RO          531    CL$$btod_d2e        c_w.l(btod.o)
    0x08002112   0x08002112   0x00000046   Code   RO          533    CL$$btod_d2e_denorm_low  c_w.l(btod.o)
    0x08002158   0x08002158   0x00000060   Code   RO          532    CL$$btod_d2e_norm_op1  c_w.l(btod.o)
    0x080021b8   0x080021b8   0x00000338   Code   RO          541    CL$$btod_div_common  c_w.l(btod.o)
    0x080024f0   0x080024f0   0x000000dc   Code   RO          538    CL$$btod_e2e        c_w.l(btod.o)
    0x080025cc   0x080025cc   0x0000002a   Code   RO          535    CL$$btod_ediv       c_w.l(btod.o)
    0x080025f6   0x080025f6   0x0000002a   Code   RO          534    CL$$btod_emul       c_w.l(btod.o)
    0x08002620   0x08002620   0x00000244   Code   RO          540    CL$$btod_mult_common  c_w.l(btod.o)
    0x08002864   0x08002864   0x00000030   Code   RO          573    i.__ARM_fpclassify  m_wm.l(fpclassify.o)
    0x08002894   0x08002894   0x0000000e   Code   RO          439    i._is_digit         c_w.l(__printf_wp.o)
    0x080028a2   0x080028a2   0x00000002   PAD
    0x080028a4   0x080028a4   0x0000002c   Code   RO          556    locale$$code        c_w.l(lc_numeric_c.o)
    0x080028d0   0x080028d0   0x0000002c   Code   RO          585    locale$$code        c_w.l(lc_ctype_c.o)
    0x080028fc   0x080028fc   0x0000001a   Code   RO          659    x$fpl$fpinit        fz_wm.l(fpinit.o)
    0x08002916   0x08002916   0x00000004   Code   RO          472    x$fpl$printf1       fz_wm.l(printf1.o)
    0x0800291a   0x0800291a   0x00000004   Code   RO          474    x$fpl$printf2       fz_wm.l(printf2.o)
    0x0800291e   0x0800291e   0x00000000   Code   RO          572    x$fpl$usenofp       fz_wm.l(usenofp.o)
    0x0800291e   0x0800291e   0x00000002   PAD
    0x08002920   0x08002920   0x00000008   Data   RO          398    .constdata          c_w.l(_printf_wctomb.o)
    0x08002928   0x08002928   0x00000028   Data   RO          427    .constdata          c_w.l(_printf_hex_int_ll_ptr.o)
    0x08002950   0x08002950   0x00000011   Data   RO          447    .constdata          c_w.l(__printf_flags_ss_wp.o)
    0x08002961   0x08002961   0x00000026   Data   RO          506    .constdata          c_w.l(_printf_fp_hex.o)
    0x08002987   0x08002987   0x00000001   PAD
    0x08002988   0x08002988   0x00000094   Data   RO          529    .constdata          c_w.l(bigflt0.o)
    0x08002a1c   0x08002a1c   0x00000010   Data   RO          358    .rodata.AHBPrescTable  system_stm32f4xx.o
    0x08002a2c   0x08002a2c   0x00000014   Data   RO            6    .rodata.str1.1      main.o
    0x08002a40   0x08002a40   0x00000020   Data   RO          720    Region$$Table       anon$$obj.o
    0x08002a60   0x08002a60   0x0000001c   Data   RO          555    locale$$data        c_w.l(lc_numeric_c.o)
    0x08002a7c   0x08002a7c   0x00000110   Data   RO          584    locale$$data        c_w.l(lc_ctype_c.o)


    Execution Region RW_IRAM1 (Exec base: 0x20000000, Load base: 0x08002b90, Size: 0x00000680, Max: 0x00018000, ABSOLUTE)

    Exec Addr    Load Addr    Size         Type   Attr      Idx    E Section Name        Object

    0x20000000   0x08002b90   0x00000004   Data   RW          357    .data.SystemCoreClock  system_stm32f4xx.o
    0x20000004   0x08002b94   0x00000001   Data   RW          119    .data.uwTickFreq    stm32f4xx_hal.o
    0x20000005   0x08002b95   0x00000003   PAD
    0x20000008   0x08002b98   0x00000004   Data   RW          118    .data.uwTickPrio    stm32f4xx_hal.o
    0x2000000c   0x08002b9c   0x00000004   PAD
    0x20000010        -       0x00000060   Zero   RW          576    .bss                c_w.l(libspace.o)
    0x20000070        -       0x00000005   Zero   RW           55    .bss.LCD_Opts       lcd.o
    0x20000075   0x08002b9c   0x00000003   PAD
    0x20000078        -       0x00000004   Zero   RW          120    .bss.uwTick         stm32f4xx_hal.o
    0x2000007c   0x08002b9c   0x00000004   PAD
    0x20000080        -       0x00000200   Zero   RW          344    HEAP                startup_stm32f401xe.o
    0x20000280        -       0x00000400   Zero   RW          343    STACK               startup_stm32f401xe.o


==============================================================================

Image component sizes


      Code (inc. data)   RO Data    RW Data    ZI Data      Debug   Object Name

       976          0          0          0          5       4641   lcd.o
       316          0         20          0          0       2581   main.o
        64         26        404          0       1536        884   startup_stm32f401xe.o
       264          0          0          5          4       6937   stm32f4xx_hal.o
       414          0          0          0          0       9188   stm32f4xx_hal_cortex.o
       912          0          0          0          0       5305   stm32f4xx_hal_gpio.o
       320          0         16          4          0       2695   system_stm32f4xx.o

    ----------------------------------------------------------------------
      3296         26        472         12       1556      32231   Object Totals
         0          0         32          0          0          0   (incl. Generated)
        30          0          0          3         11          0   (incl. Padding)

    ----------------------------------------------------------------------

      Code (inc. data)   RO Data    RW Data    ZI Data      Debug   Library Member Name

         8          0          0          0          0         68   __main.o
       392          4         17          0          0         92   __printf_flags_ss_wp.o
        14          0          0          0          0         68   __printf_wp.o
         0          0          0          0          0          0   __rtentry.o
        12          0          0          0          0          0   __rtentry2.o
         6          0          0          0          0          0   __rtentry4.o
        52          8          0          0          0          0   __scatter.o
        26          0          0          0          0          0   __scatter_copy.o
        28          0          0          0          0          0   __scatter_zi.o
        72          0          0          0          0         96   _c16rtomb.o
         6          0          0          0          0          0   _printf_a.o
         6          0          0          0          0          0   _printf_c.o
        44          0          0          0          0        108   _printf_char.o
        48          6          0          0          0         96   _printf_char_common.o
        40          0          0          0          0         68   _printf_charcount.o
         6          0          0          0          0          0   _printf_d.o
       120         16          0          0          0         92   _printf_dec.o
         6          0          0          0          0          0   _printf_e.o
         6          0          0          0          0          0   _printf_f.o
      1052          0          0          0          0        148   _printf_fp_dec.o
       764          8         38          0          0        100   _printf_fp_hex.o
       128         16          0          0          0         84   _printf_fp_infnan.o
         6          0          0          0          0          0   _printf_g.o
       148          4         40          0          0        160   _printf_hex_int_ll_ptr.o
         6          0          0          0          0          0   _printf_i.o
       178          0          0          0          0         88   _printf_intcommon.o
        10          0          0          0          0          0   _printf_l.o
         6          0          0          0          0          0   _printf_lc.o
        10          0          0          0          0          0   _printf_ll.o
         6          0          0          0          0          0   _printf_lld.o
         6          0          0          0          0          0   _printf_lli.o
         6          0          0          0          0          0   _printf_llo.o
         6          0          0          0          0          0   _printf_llu.o
         6          0          0          0          0          0   _printf_llx.o
       124         16          0          0          0         92   _printf_longlong_dec.o
         6          0          0          0          0          0   _printf_ls.o
         6          0          0          0          0          0   _printf_n.o
         6          0          0          0          0          0   _printf_o.o
       112          8          0          0          0        124   _printf_oct_int_ll.o
         6          0          0          0          0          0   _printf_p.o
        78          0          0          0          0        108   _printf_pad.o
         0          0          0          0          0          0   _printf_percent.o
         4          0          0          0          0          0   _printf_percent_end.o
         6          0          0          0          0          0   _printf_s.o
        82          0          0          0          0         80   _printf_str.o
        36          0          0          0          0         84   _printf_truncate.o
         6          0          0          0          0          0   _printf_u.o
        44          0          0          0          0        108   _printf_wchar.o
       188          6          8          0          0         92   _printf_wctomb.o
         6          0          0          0          0          0   _printf_x.o
        16          0          0          0          0         68   _snputc.o
       228          4        148          0          0         96   bigflt0.o
      1936        128          0          0          0        668   btod.o
        18          0          0          0          0         80   exit.o
         6          0          0          0          0        152   heapauxi.o
         0          0          0          0          0          0   indicate_semi.o
        44         10        272          0          0         76   lc_ctype_c.o
        44         10         28          0          0         76   lc_numeric_c.o
         2          0          0          0          0          0   libinit.o
        34          0          0          0          0          0   libinit2.o
         2          0          0          0          0          0   libshutdown.o
         2          0          0          0          0          0   libshutdown2.o
         8          4          0          0         96         68   libspace.o
       138          0          0          0          0         80   lludiv10.o
        16          4          0          0          0         76   rt_ctype_table.o
         8          4          0          0          0         68   rt_locale_intlibspace.o
         2          0          0          0          0          0   rtexit.o
        10          0          0          0          0          0   rtexit2.o
        64          6          0          0          0         84   snprintf.o
       124          0          0          0          0         88   strcmpv7em.o
        12          4          0          0          0         68   sys_exit.o
        74          0          0          0          0         80   sys_stackheap_outer.o
         2          0          0          0          0         68   use_no_semi.o
        26          0          0          0          0        116   fpinit.o
         4          0          0          0          0        116   printf1.o
         4          0          0          0          0        116   printf2.o
         0          0          0          0          0          0   usenofp.o
        48          0          0          0          0        124   fpclassify.o

    ----------------------------------------------------------------------
      6828        266        552          0         96       4324   Library Totals
        16          0          1          0          0          0   (incl. Padding)

    ----------------------------------------------------------------------

      Code (inc. data)   RO Data    RW Data    ZI Data      Debug   Library Name

      6730        266        551          0         96       3852   c_w.l
        34          0          0          0          0        348   fz_wm.l
        48          0          0          0          0        124   m_wm.l

    ----------------------------------------------------------------------
      6828        266        552          0         96       4324   Library Totals

    ----------------------------------------------------------------------

==============================================================================


      Code (inc. data)   RO Data    RW Data    ZI Data      Debug   

     10124        292       1024         12       1652      34227   Grand Totals
     10124        292       1024         12       1652      34227   ELF Image Totals
     10124        292       1024         12          0          0   ROM Totals

==============================================================================

    Total RO  Size (Code + RO Data)                11148 (  10.89kB)
    Total RW  Size (RW Data + ZI Data)              1664 (   1.62kB)
    Total ROM Size (Code + RO Data + RW Data)      11160 (  10.90kB)

==============================================================================

